EN washer_controller NULL C:/Users/Hemat/Documents/GitHub/DSD_group_6/Lab_4/Lab_4_prep/clothes_washer_control_state_mashine/washer_controller.vhd sub00/vhpl10 1448389163
EN d_flipflop NULL C:/Users/Hemat/Documents/GitHub/DSD_group_6/Lab_4/Lab_4_prep/clothes_washer_control_state_mashine/D_flipflop.vhd sub00/vhpl02 1448389153
EN washer_output_logic NULL C:/Users/Hemat/Documents/GitHub/DSD_group_6/Lab_4/Lab_4_prep/clothes_washer_control_state_mashine/washer_output_logic.vhd sub00/vhpl08 1448389161
AR washer_output_logic behavioral C:/Users/Hemat/Documents/GitHub/DSD_group_6/Lab_4/Lab_4_prep/clothes_washer_control_state_mashine/washer_output_logic.vhd sub00/vhpl09 1448389162
AR washer_controller behavioral C:/Users/Hemat/Documents/GitHub/DSD_group_6/Lab_4/Lab_4_prep/clothes_washer_control_state_mashine/washer_controller.vhd sub00/vhpl11 1448389164
EN n_bit_register NULL C:/Users/Hemat/Documents/GitHub/DSD_group_6/Lab_4/Lab_4_prep/clothes_washer_control_state_mashine/n_bit_register.vhd sub00/vhpl06 1448389159
AR two_input_multiplexer behavioral C:/Users/Hemat/Documents/GitHub/DSD_group_6/Lab_4/Lab_4_prep/clothes_washer_control_state_mashine/two_input_multiplexer.vhd sub00/vhpl01 1448389156
AR d_flipflop behavioral C:/Users/Hemat/Documents/GitHub/DSD_group_6/Lab_4/Lab_4_prep/clothes_washer_control_state_mashine/D_flipflop.vhd sub00/vhpl03 1448389154
AR washer_next_state_logic behavioral C:/Users/Hemat/Documents/GitHub/DSD_group_6/Lab_4/Lab_4_prep/clothes_washer_control_state_mashine/washer_next_state_logic.vhd sub00/vhpl05 1448389158
AR n_bit_register behavioral C:/Users/Hemat/Documents/GitHub/DSD_group_6/Lab_4/Lab_4_prep/clothes_washer_control_state_mashine/n_bit_register.vhd sub00/vhpl07 1448389160
EN two_input_multiplexer NULL C:/Users/Hemat/Documents/GitHub/DSD_group_6/Lab_4/Lab_4_prep/clothes_washer_control_state_mashine/two_input_multiplexer.vhd sub00/vhpl00 1448389155
EN washer_next_state_logic NULL C:/Users/Hemat/Documents/GitHub/DSD_group_6/Lab_4/Lab_4_prep/clothes_washer_control_state_mashine/washer_next_state_logic.vhd sub00/vhpl04 1448389157
