V3 29
FL C:/Users/Hemat/Documents/GitHub/DSD_group_6/Lab_4/Lab_4_prep/clothes_washer_control_state_mashine/D_flipflop.vhd 2015/11/19.12:57:27 P.20131013
EN work/D_flipflop 1448389153 \
      FL C:/Users/Hemat/Documents/GitHub/DSD_group_6/Lab_4/Lab_4_prep/clothes_washer_control_state_mashine/D_flipflop.vhd \
      PB ieee/std_logic_1164 1381692176
AR work/D_flipflop/Behavioral 1448389154 \
      FL C:/Users/Hemat/Documents/GitHub/DSD_group_6/Lab_4/Lab_4_prep/clothes_washer_control_state_mashine/D_flipflop.vhd \
      EN work/D_flipflop 1448389153
FL C:/Users/Hemat/Documents/GitHub/DSD_group_6/Lab_4/Lab_4_prep/clothes_washer_control_state_mashine/n_bit_register.vhd 2015/11/24.18:18:10 P.20131013
EN work/n_bit_register 1448389159 \
      FL C:/Users/Hemat/Documents/GitHub/DSD_group_6/Lab_4/Lab_4_prep/clothes_washer_control_state_mashine/n_bit_register.vhd \
      PB ieee/std_logic_1164 1381692176
AR work/n_bit_register/Behavioral 1448389160 \
      FL C:/Users/Hemat/Documents/GitHub/DSD_group_6/Lab_4/Lab_4_prep/clothes_washer_control_state_mashine/n_bit_register.vhd \
      EN work/n_bit_register 1448389159 CP D_flipflop
FL C:/Users/Hemat/Documents/GitHub/DSD_group_6/Lab_4/Lab_4_prep/clothes_washer_control_state_mashine/two_input_multiplexer.vhd 2015/11/19.12:57:27 P.20131013
EN work/two_input_multiplexer 1448389155 \
      FL C:/Users/Hemat/Documents/GitHub/DSD_group_6/Lab_4/Lab_4_prep/clothes_washer_control_state_mashine/two_input_multiplexer.vhd \
      PB ieee/std_logic_1164 1381692176
AR work/two_input_multiplexer/Behavioral 1448389156 \
      FL C:/Users/Hemat/Documents/GitHub/DSD_group_6/Lab_4/Lab_4_prep/clothes_washer_control_state_mashine/two_input_multiplexer.vhd \
      EN work/two_input_multiplexer 1448389155
FL C:/Users/Hemat/Documents/GitHub/DSD_group_6/Lab_4/Lab_4_prep/clothes_washer_control_state_mashine/washer_controller.vhd 2015/11/24.18:19:09 P.20131013
EN work/washer_controller 1448389163 \
      FL C:/Users/Hemat/Documents/GitHub/DSD_group_6/Lab_4/Lab_4_prep/clothes_washer_control_state_mashine/washer_controller.vhd \
      PB ieee/std_logic_1164 1381692176 PB ieee/std_logic_arith 1381692177 \
      PB ieee/STD_LOGIC_UNSIGNED 1381692179
AR work/washer_controller/Behavioral 1448389164 \
      FL C:/Users/Hemat/Documents/GitHub/DSD_group_6/Lab_4/Lab_4_prep/clothes_washer_control_state_mashine/washer_controller.vhd \
      EN work/washer_controller 1448389163 CP two_input_multiplexer \
      CP washer_next_state_logic CP n_bit_register CP washer_output_logic
FL C:/Users/Hemat/Documents/GitHub/DSD_group_6/Lab_4/Lab_4_prep/clothes_washer_control_state_mashine/washer_next_state_logic.vhd 2015/11/19.12:57:27 P.20131013
EN work/washer_next_state_logic 1448389157 \
      FL C:/Users/Hemat/Documents/GitHub/DSD_group_6/Lab_4/Lab_4_prep/clothes_washer_control_state_mashine/washer_next_state_logic.vhd \
      PB ieee/std_logic_1164 1381692176 PB ieee/std_logic_arith 1381692177 \
      PB ieee/STD_LOGIC_UNSIGNED 1381692179
AR work/washer_next_state_logic/Behavioral 1448389158 \
      FL C:/Users/Hemat/Documents/GitHub/DSD_group_6/Lab_4/Lab_4_prep/clothes_washer_control_state_mashine/washer_next_state_logic.vhd \
      EN work/washer_next_state_logic 1448389157
FL C:/Users/Hemat/Documents/GitHub/DSD_group_6/Lab_4/Lab_4_prep/clothes_washer_control_state_mashine/washer_output_logic.vhd 2015/11/19.12:57:27 P.20131013
EN work/washer_output_logic 1448389161 \
      FL C:/Users/Hemat/Documents/GitHub/DSD_group_6/Lab_4/Lab_4_prep/clothes_washer_control_state_mashine/washer_output_logic.vhd \
      PB ieee/std_logic_1164 1381692176 PB ieee/std_logic_arith 1381692177 \
      PB ieee/STD_LOGIC_UNSIGNED 1381692179
AR work/washer_output_logic/Behavioral 1448389162 \
      FL C:/Users/Hemat/Documents/GitHub/DSD_group_6/Lab_4/Lab_4_prep/clothes_washer_control_state_mashine/washer_output_logic.vhd \
      EN work/washer_output_logic 1448389161
FL C:/Users/MicSeltene/Desktop/ec12027-E21501471/Lab_4_prep/clothes_washer_control_state_mashine/D_flipflop.vhd 2015/11/19.09:57:36 P.20131013
FL C:/Users/MicSeltene/Desktop/ec12027-E21501471/Lab_4_prep/clothes_washer_control_state_mashine/n_bit_register.vhd 2015/11/19.10:53:41 P.20131013
FL C:/Users/MicSeltene/Desktop/ec12027-E21501471/Lab_4_prep/clothes_washer_control_state_mashine/two_input_multiplexer.vhd 2015/11/19.10:51:29 P.20131013
FL C:/Users/MicSeltene/Desktop/ec12027-E21501471/Lab_4_prep/clothes_washer_control_state_mashine/washer_controller.vhd 2015/11/19.10:56:15 P.20131013
FL C:/Users/MicSeltene/Desktop/ec12027-E21501471/Lab_4_prep/clothes_washer_control_state_mashine/washer_next_state_logic.vhd 2015/11/19.09:57:37 P.20131013
FL C:/Users/MicSeltene/Desktop/ec12027-E21501471/Lab_4_prep/clothes_washer_control_state_mashine/washer_output_logic.vhd 2015/11/19.09:57:37 P.20131013
