AR n_bit_ripple_counter behavioral C:/Users/edsv3/Desktop/DSD/n-bit_ripple_counter/n-bit_ripple_counter.vhd sub00/vhpl03 1447613407
EN t_flipflop NULL C:/Users/edsv3/Desktop/DSD/n-bit_ripple_counter/T_flipflop.vhd sub00/vhpl00 1447613404
AR t_flipflop behavioral C:/Users/edsv3/Desktop/DSD/n-bit_ripple_counter/T_flipflop.vhd sub00/vhpl01 1447613405
EN n_bit_ripple_counter NULL C:/Users/edsv3/Desktop/DSD/n-bit_ripple_counter/n-bit_ripple_counter.vhd sub00/vhpl02 1447613406
