V3 7
FL C:/Users/edsv3/Desktop/DSD/n-bit_ripple_counter/n-bit_ripple_counter.vhd 2015/11/15.18:49:57 P.20131013
EN work/n_bit_ripple_counter 1447613406 \
      FL C:/Users/edsv3/Desktop/DSD/n-bit_ripple_counter/n-bit_ripple_counter.vhd \
      PB ieee/std_logic_1164 1381692176
AR work/n_bit_ripple_counter/Behavioral 1447613407 \
      FL C:/Users/edsv3/Desktop/DSD/n-bit_ripple_counter/n-bit_ripple_counter.vhd \
      EN work/n_bit_ripple_counter 1447613406 CP T_flipflop
FL C:/Users/edsv3/Desktop/DSD/n-bit_ripple_counter/T_flipflop.vhd 2015/11/15.18:46:12 P.20131013
EN work/T_flipflop 1447613404 \
      FL C:/Users/edsv3/Desktop/DSD/n-bit_ripple_counter/T_flipflop.vhd \
      PB ieee/std_logic_1164 1381692176 PB ieee/std_logic_arith 1381692177 \
      PB ieee/STD_LOGIC_UNSIGNED 1381692179
AR work/T_flipflop/Behavioral 1447613405 \
      FL C:/Users/edsv3/Desktop/DSD/n-bit_ripple_counter/T_flipflop.vhd \
      EN work/T_flipflop 1447613404
