AR n_bit_incrementer behavioral C:/Users/MicSeltene/Documents/Projects/Digital_Circuit_Design/Lab_4/n_bit_incrementer.vhd sub00/vhpl09 1447879173
AR xor_gate xor_gate_behaviour C:/Users/MicSeltene/Documents/Projects/Digital_Circuit_Design/Lab_4/xor_gate.vhd sub00/vhpl01 1447879163
EN d_flipflop NULL C:/Users/MicSeltene/Documents/Projects/Digital_Circuit_Design/Lab_4/D_flipflop.vhd sub00/vhpl04 1447879166
AR n_bit_two_input_mux behavioral C:/Users/MicSeltene/Documents/Projects/Digital_Circuit_Design/Lab_4/n_bit_two_input_mux.vhd sub00/vhpl23 1447879175
AR modulo_m_counter_with_synchronous_reset behavioral C:/Users/MicSeltene/Documents/Projects/Digital_Circuit_Design/Lab_4/modulo_m_counter_with_synchronous_reset.vhd sub00/vhpl27 1447879183
EN modulo_m_counter_with_synchronous_reset NULL C:/Users/MicSeltene/Documents/Projects/Digital_Circuit_Design/Lab_4/modulo_m_counter_with_synchronous_reset.vhd sub00/vhpl26 1447879182
EN half_adder NULL C:/Users/MicSeltene/Documents/Projects/Digital_Circuit_Design/Lab_4/half_adder.vhd sub00/vhpl06 1447879170
EN n_bit_two_input_mux NULL C:/Users/MicSeltene/Documents/Projects/Digital_Circuit_Design/Lab_4/n_bit_two_input_mux.vhd sub00/vhpl22 1447879174
AR modulo_m_counter_with_asynchronous_reset behavioral C:/Users/MicSeltene/Documents/Projects/Digital_Circuit_Design/Lab_4/modulo_m_counter_with_asynchronous_reset.vhd sub00/vhpl19 1447879112
EN n_bit_synchronous_counter_with_parallel_load NULL C:/Users/MicSeltene/Documents/Projects/Digital_Circuit_Design/Lab_4/n_bit_synchronous_counter_with_parallel_load.vhd sub00/vhpl24 1447879180
AR n_bit_synchronous_counter_with_enable behavioral C:/Users/MicSeltene/Documents/Projects/Digital_Circuit_Design/Lab_4/n_bit_synchronous_counter_with_enable.vhd sub00/vhpl17 1447879110
AR eight_bit_comparator behavioral C:/Users/MicSeltene/Documents/Projects/Digital_Circuit_Design/Lab_4/eight_bit_comparator.vhd sub00/vhpl13 1447879179
AR n_bit_synchronous_counter_with_parallel_load behavioral C:/Users/MicSeltene/Documents/Projects/Digital_Circuit_Design/Lab_4/n_bit_synchronous_counter_with_parallel_load.vhd sub00/vhpl25 1447879181
EN n_bit_register NULL C:/Users/MicSeltene/Documents/Projects/Digital_Circuit_Design/Lab_4/n_bit_register.vhd sub00/vhpl10 1447879176
AR two_input_multiplexer behavioral C:/Users/MicSeltene/Documents/Projects/Digital_Circuit_Design/Lab_4/two_input_multiplexer.vhd sub00/vhpl21 1447879169
AR half_adder half_adder_behavioral C:/Users/MicSeltene/Documents/Projects/Digital_Circuit_Design/Lab_4/half_adder.vhd sub00/vhpl07 1447879171
AR d_flipflop behavioral C:/Users/MicSeltene/Documents/Projects/Digital_Circuit_Design/Lab_4/D_flipflop.vhd sub00/vhpl05 1447879167
EN or_gate NULL C:/Users/MicSeltene/Documents/Projects/Digital_Circuit_Design/Lab_4/or_gate.vhd sub00/vhpl14 1447879107
EN xor_gate NULL C:/Users/MicSeltene/Documents/Projects/Digital_Circuit_Design/Lab_4/xor_gate.vhd sub00/vhpl00 1447879162
EN modulo_m_counter_with_asynchronous_reset NULL C:/Users/MicSeltene/Documents/Projects/Digital_Circuit_Design/Lab_4/modulo_m_counter_with_asynchronous_reset.vhd sub00/vhpl18 1447879111
AR or_gate or_gate_behaviour C:/Users/MicSeltene/Documents/Projects/Digital_Circuit_Design/Lab_4/or_gate.vhd sub00/vhpl15 1447879108
AR n_bit_register behavioral C:/Users/MicSeltene/Documents/Projects/Digital_Circuit_Design/Lab_4/n_bit_register.vhd sub00/vhpl11 1447879177
EN eight_bit_comparator NULL C:/Users/MicSeltene/Documents/Projects/Digital_Circuit_Design/Lab_4/eight_bit_comparator.vhd sub00/vhpl12 1447879178
AR and_gate and_gate_behavioral C:/Users/MicSeltene/Documents/Projects/Digital_Circuit_Design/Lab_4/and_gate.vhd sub00/vhpl03 1447879165
EN n_bit_synchronous_counter_with_enable NULL C:/Users/MicSeltene/Documents/Projects/Digital_Circuit_Design/Lab_4/n_bit_synchronous_counter_with_enable.vhd sub00/vhpl16 1447879109
EN n_bit_incrementer NULL C:/Users/MicSeltene/Documents/Projects/Digital_Circuit_Design/Lab_4/n_bit_incrementer.vhd sub00/vhpl08 1447879172
EN two_input_multiplexer NULL C:/Users/MicSeltene/Documents/Projects/Digital_Circuit_Design/Lab_4/two_input_multiplexer.vhd sub00/vhpl20 1447879168
EN and_gate NULL C:/Users/MicSeltene/Documents/Projects/Digital_Circuit_Design/Lab_4/and_gate.vhd sub00/vhpl02 1447879164
