AR n_bit_twisted_ring_counter n_bit_twisted_ring_counter_behavioral C:/Users/MicSeltene/Desktop/Lab_3_Michael/n_bit_twisted_ring_counter/n_bit_twisted_ring_counter.vhd sub00/vhpl09 1446643881
EN d_flipflop NULL "C:/Users/Yasmin/Documents/QM Work/Year 3/Digital Systems Design/Lab_3_prep/D_flipflop.vhd" sub00/vhpl00 1447882423
AR nbit_two_input_mux nbit_two_input_mux_architecture "C:/Users/Yasmin/Documents/QM Work/Year 3/Digital Systems Design/Lab_3_prep/nbit_two_input_mux.vhd" sub00/vhpl23 1447882428
AR nbit_shiftreg behavioral C:/Users/MicSeltene/Desktop/Lab_3_Michael/n_bit_twisted_ring_counter/nbit_shiftreg.vhd sub00/vhpl05 1446643879
AR xor_gate behavioral "C:/Users/Yasmin/Documents/QM Work/Year 3/Digital Systems Design/Lab_3_prep/xor_gate.vhd" sub00/vhpl25 1447882432
AR not_gate behavioral "C:/Users/Yasmin/Documents/QM Work/Year 3/Digital Systems Design/Lab_3_prep/not_gate.vhd" sub00/vhpl07 1447882418
EN nbit_two_input_mux NULL "C:/Users/Yasmin/Documents/QM Work/Year 3/Digital Systems Design/Lab_3_prep/nbit_two_input_mux.vhd" sub00/vhpl22 1447882427
EN four_input_multiplexer NULL C:/Users/Yasmin/Documents/Lab_3/four_input_multiplexer.vhd sub00/vhpl16 1446658648
EN not_gate NULL "C:/Users/Yasmin/Documents/QM Work/Year 3/Digital Systems Design/Lab_3_prep/not_gate.vhd" sub00/vhpl06 1447882417
AR n_bit_shift_register_with_parallel_load behavioral "C:/Users/Yasmin/Documents/QM Work/Year 3/Digital Systems Design/Lab_3_prep/n_bit_shift_with_parallel_load.vhd" sub00/vhpl27 1447882434
EN n_bit_shift_register_with_parallel_load NULL "C:/Users/Yasmin/Documents/QM Work/Year 3/Digital Systems Design/Lab_3_prep/n_bit_shift_with_parallel_load.vhd" sub00/vhpl26 1447882433
AR nbit_universal_shift_register behavioral C:/Users/Yasmin/Documents/Lab_3/nbit_universal_shift_register.vhd sub00/vhpl21 1446658655
EN n_bit_register NULL "C:/Users/Yasmin/Documents/QM Work/Year 3/Digital Systems Design/Lab_3_prep/n_bit_register.vhd" sub00/vhpl02 1447882429
EN n_bit_twisted_ring_counter NULL C:/Users/MicSeltene/Desktop/Lab_3_Michael/n_bit_twisted_ring_counter/n_bit_twisted_ring_counter.vhd sub00/vhpl08 1446643880
EN four_bit_linear_feedback_shift_register NULL "C:/Users/Yasmin/Documents/QM Work/Year 3/Digital Systems Design/Lab_3_prep/Four_Bit_Linear_Feedback_Shift_Register.vhd" sub00/vhpl28 1447882435
EN n_bit_shifter_rotator_unit NULL C:/Users/Yasmin/Documents/Lab_3/n_bit_shifter_rotator_unit.vhd sub00/vhpl18 1446658650
AR n_bit_shifter_rotator_unit behavioral C:/Users/Yasmin/Documents/Lab_3/n_bit_shifter_rotator_unit.vhd sub00/vhpl19 1446658651
AR d_flipflop behavioral "C:/Users/Yasmin/Documents/QM Work/Year 3/Digital Systems Design/Lab_3_prep/D_flipflop.vhd" sub00/vhpl01 1447882424
EN or_gate NULL "C:/Users/Yasmin/Documents/QM Work/Year 3/Digital Systems Design/Lab_3_prep/or_gate.vhd" sub00/vhpl12 1447882421
AR two_input_multiplexer two_input_multiplexer_behavioral "C:/Users/Yasmin/Documents/QM Work/Year 3/Digital Systems Design/Lab_3_prep/two_input_multiplexer.vhd" sub00/vhpl15 1447882426
AR four_bit_linear_feedback_shift_register behavioral C:/Users/Yasmin/Documents/Lab_3/Four_Bit_Linear_Feedback_Shift_Register.vhd sub00/vhpl29 1446675903
AR four_input_multiplexer behavioral C:/Users/Yasmin/Documents/Lab_3/four_input_multiplexer.vhd sub00/vhpl17 1446658649
EN nbit_shiftreg NULL C:/Users/MicSeltene/Desktop/Lab_3_Michael/n_bit_twisted_ring_counter/nbit_shiftreg.vhd sub00/vhpl04 1446643878
EN xor_gate NULL "C:/Users/Yasmin/Documents/QM Work/Year 3/Digital Systems Design/Lab_3_prep/xor_gate.vhd" sub00/vhpl24 1447882431
AR or_gate or_gate_behaviour "C:/Users/Yasmin/Documents/QM Work/Year 3/Digital Systems Design/Lab_3_prep/or_gate.vhd" sub00/vhpl13 1447882422
AR n_bit_register behavioral "C:/Users/Yasmin/Documents/QM Work/Year 3/Digital Systems Design/Lab_3_prep/n_bit_register.vhd" sub00/vhpl03 1447882430
EN nbit_universal_shift_register NULL C:/Users/Yasmin/Documents/Lab_3/nbit_universal_shift_register.vhd sub00/vhpl20 1446658654
AR and_gate and_gate_behavioral "C:/Users/Yasmin/Documents/QM Work/Year 3/Digital Systems Design/Lab_3_prep/and_gate.vhd" sub00/vhpl11 1447882420
EN two_input_multiplexer NULL "C:/Users/Yasmin/Documents/QM Work/Year 3/Digital Systems Design/Lab_3_prep/two_input_multiplexer.vhd" sub00/vhpl14 1447882425
EN and_gate NULL "C:/Users/Yasmin/Documents/QM Work/Year 3/Digital Systems Design/Lab_3_prep/and_gate.vhd" sub00/vhpl10 1447882419
