V3 70
FL C:/Users/MicSeltene/Desktop/Lab_3_Michael/n_bit_twisted_ring_counter/D_flipflop.vhd 2015/11/04.13:24:22 P.20131013
FL C:/Users/MicSeltene/Desktop/Lab_3_Michael/n_bit_twisted_ring_counter/nbit_shiftreg.vhd 2015/11/04.13:31:09 P.20131013
EN work/nbit_shiftreg 1446643878 \
      FL C:/Users/MicSeltene/Desktop/Lab_3_Michael/n_bit_twisted_ring_counter/nbit_shiftreg.vhd \
      PB ieee/std_logic_1164 1381692176 PB ieee/std_logic_arith 1381692177 \
      PB ieee/STD_LOGIC_UNSIGNED 1381692179
AR work/nbit_shiftreg/Behavioral 1446643879 \
      FL C:/Users/MicSeltene/Desktop/Lab_3_Michael/n_bit_twisted_ring_counter/nbit_shiftreg.vhd \
      EN work/nbit_shiftreg 1446643878 CP n_bit_register
FL C:/Users/MicSeltene/Desktop/Lab_3_Michael/n_bit_twisted_ring_counter/not_gate.vhd 2015/11/04.11:14:53 P.20131013
FL C:/Users/MicSeltene/Desktop/Lab_3_Michael/n_bit_twisted_ring_counter/n_bit_register.vhd 2015/11/04.13:27:09 P.20131013
FL C:/Users/MicSeltene/Desktop/Lab_3_Michael/n_bit_twisted_ring_counter/n_bit_twisted_ring_counter.vhd 2015/11/04.13:08:24 P.20131013
EN work/n_bit_twisted_ring_counter 1446643880 \
      FL C:/Users/MicSeltene/Desktop/Lab_3_Michael/n_bit_twisted_ring_counter/n_bit_twisted_ring_counter.vhd \
      PB ieee/std_logic_1164 1381692176
AR work/n_bit_twisted_ring_counter/n_bit_twisted_ring_counter_behavioral 1446643881 \
      FL C:/Users/MicSeltene/Desktop/Lab_3_Michael/n_bit_twisted_ring_counter/n_bit_twisted_ring_counter.vhd \
      EN work/n_bit_twisted_ring_counter 1446643880 CP not_gate CP nbit_shiftreg
FL C:/Users/Yasmin/Documents/Lab_3/and_gate.vhd 2015/11/04.15:48:24 P.20131013
FL C:/Users/Yasmin/Documents/Lab_3/D_flipflop.vhd 2015/11/04.15:43:03 P.20131013
FL C:/Users/Yasmin/Documents/Lab_3/Four_Bit_Linear_Feedback_Shift_Register.vhd 2015/11/04.22:23:25 P.20131013
FL C:/Users/Yasmin/Documents/Lab_3/four_input_multiplexer.vhd 2015/11/04.15:47:53 P.20131013
EN work/four_input_multiplexer 1446658648 \
      FL C:/Users/Yasmin/Documents/Lab_3/four_input_multiplexer.vhd \
      PB ieee/std_logic_1164 1381692176 PB ieee/std_logic_arith 1381692177 \
      PB ieee/STD_LOGIC_UNSIGNED 1381692179
AR work/four_input_multiplexer/Behavioral 1446658649 \
      FL C:/Users/Yasmin/Documents/Lab_3/four_input_multiplexer.vhd \
      EN work/four_input_multiplexer 1446658648 CP two_input_multiplexer
FL C:/Users/Yasmin/Documents/Lab_3/nbit_two_input_mux.vhd 2015/11/04.22:21:12 P.20131013
FL C:/Users/Yasmin/Documents/Lab_3/nbit_universal_shift_register.vhd 2015/11/04.16:12:19 P.20131013
EN work/nbit_universal_shift_register 1446658654 \
      FL C:/Users/Yasmin/Documents/Lab_3/nbit_universal_shift_register.vhd \
      PB ieee/std_logic_1164 1381692176
AR work/nbit_universal_shift_register/Behavioral 1446658655 \
      FL C:/Users/Yasmin/Documents/Lab_3/nbit_universal_shift_register.vhd \
      EN work/nbit_universal_shift_register 1446658654 \
      CP n_bit_shifter_rotator_unit CP n_bit_register
FL C:/Users/Yasmin/Documents/Lab_3/not_gate.vhd 2015/11/04.15:43:04 P.20131013
FL C:/Users/Yasmin/Documents/Lab_3/n_bit_register.vhd 2015/11/04.15:43:03 P.20131013
FL C:/Users/Yasmin/Documents/Lab_3/n_bit_shifter_rotator_unit.vhd 2015/11/04.15:46:21 P.20131013
EN work/n_bit_shifter_rotator_unit 1446658650 \
      FL C:/Users/Yasmin/Documents/Lab_3/n_bit_shifter_rotator_unit.vhd \
      PB ieee/std_logic_1164 1381692176 PB ieee/std_logic_arith 1381692177 \
      PB ieee/STD_LOGIC_UNSIGNED 1381692179
AR work/n_bit_shifter_rotator_unit/Behavioral 1446658651 \
      FL C:/Users/Yasmin/Documents/Lab_3/n_bit_shifter_rotator_unit.vhd \
      EN work/n_bit_shifter_rotator_unit 1446658650 CP two_input_multiplexer \
      CP four_input_multiplexer
FL C:/Users/Yasmin/Documents/Lab_3/n_bit_shift_with_parallel_load.vhd 2015/11/04.22:21:36 P.20131013
FL C:/Users/Yasmin/Documents/Lab_3/or_gate.vhd 2015/11/04.15:48:44 P.20131013
FL C:/Users/Yasmin/Documents/Lab_3/two_input_multiplexer.vhd 2015/11/04.15:46:51 P.20131013
FL C:/Users/Yasmin/Documents/Lab_3/xor_gate.vhd 2015/11/04.22:24:15 P.20131013
FL "C:/Users/Yasmin/Documents/QM Work/Year 3/Digital Systems Design/Lab_3_prep/and_gate.vhd" 2015/11/04.15:48:24 P.20131013
EN work/and_gate 1447882419 \
      FL "C:/Users/Yasmin/Documents/QM Work/Year 3/Digital Systems Design/Lab_3_prep/and_gate.vhd" \
      PB ieee/std_logic_1164 1381692176
AR work/and_gate/and_gate_behavioral 1447882420 \
      FL "C:/Users/Yasmin/Documents/QM Work/Year 3/Digital Systems Design/Lab_3_prep/and_gate.vhd" \
      EN work/and_gate 1447882419
FL "C:/Users/Yasmin/Documents/QM Work/Year 3/Digital Systems Design/Lab_3_prep/D_flipflop.vhd" 2015/11/04.15:43:03 P.20131013
EN work/D_flipflop 1447882423 \
      FL "C:/Users/Yasmin/Documents/QM Work/Year 3/Digital Systems Design/Lab_3_prep/D_flipflop.vhd" \
      PB ieee/std_logic_1164 1381692176
AR work/D_flipflop/Behavioral 1447882424 \
      FL "C:/Users/Yasmin/Documents/QM Work/Year 3/Digital Systems Design/Lab_3_prep/D_flipflop.vhd" \
      EN work/D_flipflop 1447882423
EN work/Four_Bit_Linear_Feedback_Shift_Register 1446675902 \
      FL "C:/Users/Yasmin/Documents/QM Work/Year 3/Digital Systems Design/Lab_3_prep/Four_Bit_Linear_Feedback_Shift_Register.vhd" \
      PB ieee/std_logic_1164 1381692176 PB ieee/std_logic_arith 1381692177 \
      PB ieee/STD_LOGIC_UNSIGNED 1381692179
AR work/Four_Bit_Linear_Feedback_Shift_Register/Behavioral 1446675903 \
      FL "C:/Users/Yasmin/Documents/QM Work/Year 3/Digital Systems Design/Lab_3_prep/Four_Bit_Linear_Feedback_Shift_Register.vhd" \
      EN work/Four_Bit_Linear_Feedback_Shift_Register 1446675902 CP xor_gate \
      CP n_bit_shift_register_with_parallel_load
FL "C:/Users/Yasmin/Documents/QM Work/Year 3/Digital Systems Design/Lab_3_prep/nbit_two_input_mux.vhd" 2015/11/04.22:21:12 P.20131013
EN work/nbit_two_input_mux 1447882427 \
      FL "C:/Users/Yasmin/Documents/QM Work/Year 3/Digital Systems Design/Lab_3_prep/nbit_two_input_mux.vhd" \
      PB ieee/std_logic_1164 1381692176 PB ieee/std_logic_arith 1381692177 \
      PB ieee/STD_LOGIC_UNSIGNED 1381692179
AR work/nbit_two_input_mux/nbit_two_input_mux_architecture 1447882428 \
      FL "C:/Users/Yasmin/Documents/QM Work/Year 3/Digital Systems Design/Lab_3_prep/nbit_two_input_mux.vhd" \
      EN work/nbit_two_input_mux 1447882427 CP two_input_multiplexer
FL "C:/Users/Yasmin/Documents/QM Work/Year 3/Digital Systems Design/Lab_3_prep/not_gate.vhd" 2015/11/04.15:43:04 P.20131013
EN work/not_gate 1447882417 \
      FL "C:/Users/Yasmin/Documents/QM Work/Year 3/Digital Systems Design/Lab_3_prep/not_gate.vhd" \
      PB ieee/std_logic_1164 1381692176
AR work/not_gate/Behavioral 1447882418 \
      FL "C:/Users/Yasmin/Documents/QM Work/Year 3/Digital Systems Design/Lab_3_prep/not_gate.vhd" \
      EN work/not_gate 1447882417
FL "C:/Users/Yasmin/Documents/QM Work/Year 3/Digital Systems Design/Lab_3_prep/n_bit_register.vhd" 2015/11/04.15:43:03 P.20131013
EN work/n_bit_register 1447882429 \
      FL "C:/Users/Yasmin/Documents/QM Work/Year 3/Digital Systems Design/Lab_3_prep/n_bit_register.vhd" \
      PB ieee/std_logic_1164 1381692176
AR work/n_bit_register/Behavioral 1447882430 \
      FL "C:/Users/Yasmin/Documents/QM Work/Year 3/Digital Systems Design/Lab_3_prep/n_bit_register.vhd" \
      EN work/n_bit_register 1447882429 CP D_flipflop
FL "C:/Users/Yasmin/Documents/QM Work/Year 3/Digital Systems Design/Lab_3_prep/n_bit_shift_with_parallel_load.vhd" 2015/11/04.22:21:36 P.20131013
EN work/n_bit_shift_register_with_parallel_load 1447882433 \
      FL "C:/Users/Yasmin/Documents/QM Work/Year 3/Digital Systems Design/Lab_3_prep/n_bit_shift_with_parallel_load.vhd" \
      PB ieee/std_logic_1164 1381692176
AR work/n_bit_shift_register_with_parallel_load/Behavioral 1447882434 \
      FL "C:/Users/Yasmin/Documents/QM Work/Year 3/Digital Systems Design/Lab_3_prep/n_bit_shift_with_parallel_load.vhd" \
      EN work/n_bit_shift_register_with_parallel_load 1447882433 \
      CP nbit_two_input_mux CP n_bit_register
FL "C:/Users/Yasmin/Documents/QM Work/Year 3/Digital Systems Design/Lab_3_prep/or_gate.vhd" 2015/11/04.15:48:44 P.20131013
EN work/or_gate 1447882421 \
      FL "C:/Users/Yasmin/Documents/QM Work/Year 3/Digital Systems Design/Lab_3_prep/or_gate.vhd" \
      PB ieee/std_logic_1164 1381692176
AR work/or_gate/or_gate_behaviour 1447882422 \
      FL "C:/Users/Yasmin/Documents/QM Work/Year 3/Digital Systems Design/Lab_3_prep/or_gate.vhd" \
      EN work/or_gate 1447882421
FL "C:/Users/Yasmin/Documents/QM Work/Year 3/Digital Systems Design/Lab_3_prep/two_input_multiplexer.vhd" 2015/11/04.15:46:51 P.20131013
EN work/two_input_multiplexer 1447882425 \
      FL "C:/Users/Yasmin/Documents/QM Work/Year 3/Digital Systems Design/Lab_3_prep/two_input_multiplexer.vhd" \
      PB ieee/std_logic_1164 1381692176 PB ieee/std_logic_arith 1381692177 \
      PB ieee/STD_LOGIC_UNSIGNED 1381692179
AR work/two_input_multiplexer/two_input_multiplexer_behavioral 1447882426 \
      FL "C:/Users/Yasmin/Documents/QM Work/Year 3/Digital Systems Design/Lab_3_prep/two_input_multiplexer.vhd" \
      EN work/two_input_multiplexer 1447882425 CP not_gate CP and_gate CP or_gate
FL "C:/Users/Yasmin/Documents/QM Work/Year 3/Digital Systems Design/Lab_3_prep/xor_gate.vhd" 2015/11/04.22:24:15 P.20131013
EN work/xor_gate 1447882431 \
      FL "C:/Users/Yasmin/Documents/QM Work/Year 3/Digital Systems Design/Lab_3_prep/xor_gate.vhd" \
      PB ieee/std_logic_1164 1381692176 PB ieee/std_logic_arith 1381692177 \
      PB ieee/STD_LOGIC_UNSIGNED 1381692179
AR work/xor_gate/Behavioral 1447882432 \
      FL "C:/Users/Yasmin/Documents/QM Work/Year 3/Digital Systems Design/Lab_3_prep/xor_gate.vhd" \
      EN work/xor_gate 1447882431
