V3 3
FL "C:/Users/Hemat/Desktop/DSD LABS/LAB5/ROM_Seven_Segement_display_Decoder.vhd" 2015/11/23.22:49:45 P.20131013
EN work/ROM_Seven_Segement_display_Decoder 1448319092 \
      FL "C:/Users/Hemat/Desktop/DSD LABS/LAB5/ROM_Seven_Segement_display_Decoder.vhd" \
      PB ieee/std_logic_1164 1381692176
AR work/ROM_Seven_Segement_display_Decoder/Behavioral 1448319093 \
      FL "C:/Users/Hemat/Desktop/DSD LABS/LAB5/ROM_Seven_Segement_display_Decoder.vhd" \
      EN work/ROM_Seven_Segement_display_Decoder 1448319092
