AR nbit_synchronous_counter_parallel behavioral C:/Users/MicSeltene/Desktop/Lab6/Lab_6/nbit_synchronous_counter_parallel.vhd sub00/vhpl71 1449674390
AR n_bit_incrementer behavioral C:/Users/MicSeltene/Desktop/Lab6/Lab_6/n_bit_incrementer.vhd sub00/vhpl65 1449674374
AR eight_n_bit_register_file behavioral C:/Users/MicSeltene/Desktop/Lab6/Lab_6/eight_n_bit_register_file.vhd sub00/vhpl53 1449674378
EN functiondecoder NULL C:/Users/MicSeltene/Desktop/Lab6/Lab_6/FunctionDecoder.vhd sub00/vhpl68 1449674387
EN four_bit_alu NULL C:/Users/MicSeltene/Desktop/Lab6/Lab_6/four_bit_alu.vhd sub00/vhpl54 1449674379
AR output_rom_generic behavioral C:/Users/MicSeltene/Desktop/Lab6/Lab_6/Output_ROM_Generic.vhd sub00/vhpl73 1449674392
AR n_bit_2_input_mux behavioral C:/Users/MicSeltene/Desktop/Lab6/Lab_6/n_bit_2_input_mux.vhd sub00/vhpl37 1449674563
EN four_bit_lac NULL C:/Users/MicSeltene/Desktop/Lab6/Lab_6/four_bit_LAC.vhd sub00/vhpl14 1449674335
EN d_flipflop NULL C:/Users/MicSeltene/Desktop/Lab6/Lab_6/D_flipflop.vhd sub00/vhpl24 1449674558
AR mircoprogram_controlled_datapath_system behavioral C:/Users/MicSeltene/Desktop/Lab6/Lab_6/mircoprogram_controlled_datapath_system.vhd sub00/vhpl77 1449674398
AR nbit_two_input_mux nbit_two_input_mux_architecture C:/Users/MicSeltene/Desktop/Lab6/Lab_6/nbit_two_input_mux.vhd sub00/vhpl31 1449674352
EN n_bit_adder NULL C:/Users/MicSeltene/Desktop/Lab6/Lab_6/n_bit_adder.vhd sub00/vhpl16 1449674337
EN four_bit_lac_adder NULL C:/Users/MicSeltene/Desktop/Lab6/Lab_6/four_bit_lac_adder.vhd sub00/vhpl22 1449674343
AR n_bit_two_input_mux behavioral C:/Users/MicSeltene/Desktop/Lab6/Lab_6/n_bit_two_input_mux.vhd sub00/vhpl63 1449674376
EN n_bit_rfc_register NULL C:/Users/MicSeltene/Desktop/Lab6/Lab_6/n_bit_rfc_register.vhd sub00/vhpl50 1449674371
AR xor_gate behavioral C:/Users/MicSeltene/Desktop/Lab6/Lab_6/xor_gate.vhd sub00/vhpl01 1449674322
AR one_bit_four_input_mux behavioral C:/Users/MicSeltene/Desktop/Lab6/Lab_6/one_bit_four_input_mux.vhd sub00/vhpl67 1449674386
AR not_gate behavioral C:/Users/MicSeltene/Desktop/Lab6/Lab_6/not_gate.vhd sub00/vhpl09 1449674553
AR nbit_xor_control behavioral C:/Users/MicSeltene/Desktop/Lab6/Lab_6/nbit_xor_control.vhd sub00/vhpl21 1449674342
EN nbit_two_input_mux NULL C:/Users/MicSeltene/Desktop/Lab6/Lab_6/nbit_two_input_mux.vhd sub00/vhpl30 1449674351
AR full_adder full_adder_behavioral C:/Users/MicSeltene/Desktop/Lab6/Lab_6/full_adder.vhd sub00/vhpl11 1449674332
EN half_adder NULL C:/Users/MicSeltene/Desktop/Lab6/Lab_6/half_adder.vhd sub00/vhpl04 1449674325
EN four_input_multiplexer NULL C:/Users/MicSeltene/Desktop/Lab6/Lab_6/four_input_multiplexer.vhd sub00/vhpl18 1449674339
EN eight_n_bit_register_file NULL C:/Users/MicSeltene/Desktop/Lab6/Lab_6/eight_n_bit_register_file.vhd sub00/vhpl52 1449674377
EN not_gate NULL C:/Users/MicSeltene/Desktop/Lab6/Lab_6/not_gate.vhd sub00/vhpl08 1449674552
AR n_bit_register_hold_load behavioral C:/Users/MicSeltene/Desktop/Lab6/Lab_6/n_bit_register_hold-load.vhd sub00/vhpl59 1449674567
EN data_path NULL C:/Users/MicSeltene/Desktop/Lab6/Lab_6/Data_path.vhd sub00/vhpl60 1449674395
AR four_bit_lac_adder four_bit_lac_adder_behavioral C:/Users/MicSeltene/Desktop/Lab6/Lab_6/four_bit_lac_adder.vhd sub00/vhpl23 1449674344
EN shift_control_logic NULL C:/Users/MicSeltene/Desktop/Lab6/Lab_6/shift_control_logic.vhd sub00/vhpl40 1449674361
AR register_file_cell behavioral C:/Users/MicSeltene/Desktop/Lab6/Lab_6/register_file_cell.vhd sub00/vhpl35 1449674356
EN n_bit_two_input_mux NULL C:/Users/MicSeltene/Desktop/Lab6/Lab_6/n_bit_two_input_mux.vhd sub00/vhpl62 1449674375
AR n_bit_rfc_register behavioral C:/Users/MicSeltene/Desktop/Lab6/Lab_6/n_bit_rfc_register.vhd sub00/vhpl51 1449674372
AR n_bit_adder n_bit_adder_behavioral C:/Users/MicSeltene/Desktop/Lab6/Lab_6/n_bit_adder.vhd sub00/vhpl17 1449674338
EN nbit_synchronous_counter_parallel NULL C:/Users/MicSeltene/Desktop/Lab6/Lab_6/nbit_synchronous_counter_parallel.vhd sub00/vhpl70 1449674389
AR four_bit_alu behavioral C:/Users/MicSeltene/Desktop/Lab6/Lab_6/four_bit_alu.vhd sub00/vhpl55 1449674380
EN register_file_cell NULL C:/Users/MicSeltene/Desktop/Lab6/Lab_6/register_file_cell.vhd sub00/vhpl34 1449674355
EN four_bit_arithmetic_unit NULL C:/Users/MicSeltene/Desktop/Lab6/Lab_6/four_bit_arithmetic_unit.vhd sub00/vhpl44 1449674365
EN four_bit_adder_subtractor NULL C:/Users/MicSeltene/Desktop/Lab6/Lab_6/four_bit_adder_subtractor.vhd sub00/vhpl32 1449674353
EN n_bit_register NULL C:/Users/MicSeltene/Desktop/Lab6/Lab_6/n_bit_register.vhd sub00/vhpl38 1449674564
AR four_bit_arithmetic_unit behavioral C:/Users/MicSeltene/Desktop/Lab6/Lab_6/four_bit_arithmetic_unit.vhd sub00/vhpl45 1449674366
EN one_bit_four_input_mux NULL C:/Users/MicSeltene/Desktop/Lab6/Lab_6/one_bit_four_input_mux.vhd sub00/vhpl66 1449674385
AR half_adder half_adder_behavioral C:/Users/MicSeltene/Desktop/Lab6/Lab_6/half_adder.vhd sub00/vhpl05 1449674326
EN n_bit_2_input_mux NULL C:/Users/MicSeltene/Desktop/Lab6/Lab_6/n_bit_2_input_mux.vhd sub00/vhpl36 1449674562
EN full_adder NULL C:/Users/MicSeltene/Desktop/Lab6/Lab_6/full_adder.vhd sub00/vhpl10 1449674331
EN n_bit_shifter_rotator_unit NULL C:/Users/MicSeltene/Desktop/Lab6/Lab_6/n_bit_shifter_rotator_unit.vhd sub00/vhpl42 1449674363
AR n_bit_shifter_rotator_unit behavioral C:/Users/MicSeltene/Desktop/Lab6/Lab_6/n_bit_shifter_rotator_unit.vhd sub00/vhpl43 1449674364
EN or_gate NULL C:/Users/MicSeltene/Desktop/Lab6/Lab_6/or_gate.vhd sub00/vhpl06 1449674556
AR d_flipflop behavioral C:/Users/MicSeltene/Desktop/Lab6/Lab_6/D_flipflop.vhd sub00/vhpl25 1449674559
AR four_bit_lac behavioral C:/Users/MicSeltene/Desktop/Lab6/Lab_6/four_bit_LAC.vhd sub00/vhpl15 1449674336
EN logicslice NULL C:/Users/MicSeltene/Desktop/Lab6/Lab_6/LogicSlice.vhd sub00/vhpl28 1449674349
EN three_to_eight_decoder NULL C:/Users/MicSeltene/Desktop/Lab6/Lab_6/three_to_eight_decoder.vhd sub00/vhpl48 1449674369
EN control NULL C:/Users/MicSeltene/Desktop/Lab6/Lab_6/Control.vhd sub00/vhpl74 1449674393
AR two_input_multiplexer two_input_multiplexer_behavioral C:/Users/MicSeltene/Desktop/Lab6/Lab_6/two_input_multiplexer.vhd sub00/vhpl13 1449674561
EN output_rom_generic NULL C:/Users/MicSeltene/Desktop/Lab6/Lab_6/Output_ROM_Generic.vhd sub00/vhpl72 1449674391
AR four_input_multiplexer behavioral C:/Users/MicSeltene/Desktop/Lab6/Lab_6/four_input_multiplexer.vhd sub00/vhpl19 1449674340
AR nbit_logic_unit behavioral C:/Users/MicSeltene/Desktop/Lab6/Lab_6/nbit_logic_unit.vhd sub00/vhpl47 1449674368
EN tri_buff NULL C:/Users/MicSeltene/Desktop/Lab6/Lab_6/tri_buff.vhd sub00/vhpl26 1449674347
AR data_path behavioral C:/Users/MicSeltene/Desktop/Lab6/Lab_6/Data_path.vhd sub00/vhpl61 1449674396
EN xor_gate NULL C:/Users/MicSeltene/Desktop/Lab6/Lab_6/xor_gate.vhd sub00/vhpl00 1449674321
EN nbit_logic_unit NULL C:/Users/MicSeltene/Desktop/Lab6/Lab_6/nbit_logic_unit.vhd sub00/vhpl46 1449674367
EN nbit_xor_control NULL C:/Users/MicSeltene/Desktop/Lab6/Lab_6/nbit_xor_control.vhd sub00/vhpl20 1449674341
AR three_to_eight_decoder with_select_arch C:/Users/MicSeltene/Desktop/Lab6/Lab_6/three_to_eight_decoder.vhd sub00/vhpl49 1449674370
AR tri_buff behavioral C:/Users/MicSeltene/Desktop/Lab6/Lab_6/tri_buff.vhd sub00/vhpl27 1449674348
AR control behavioral C:/Users/MicSeltene/Desktop/Lab6/Lab_6/Control.vhd sub00/vhpl75 1449674394
AR or_gate or_gate_behaviour C:/Users/MicSeltene/Desktop/Lab6/Lab_6/or_gate.vhd sub00/vhpl07 1449674557
AR n_bit_register behavioral C:/Users/MicSeltene/Desktop/Lab6/Lab_6/n_bit_register.vhd sub00/vhpl39 1449674565
AR four_bit_shifter behavioral C:/Users/MicSeltene/Desktop/Lab6/Lab_6/four_bit_shifter.vhd sub00/vhpl57 1449674382
AR functiondecoder behavioral C:/Users/MicSeltene/Desktop/Lab6/Lab_6/FunctionDecoder.vhd sub00/vhpl69 1449674388
AR and_gate and_gate_behavioral C:/Users/MicSeltene/Desktop/Lab6/Lab_6/and_gate.vhd sub00/vhpl03 1449674555
AR shift_control_logic behavioral C:/Users/MicSeltene/Desktop/Lab6/Lab_6/shift_control_logic.vhd sub00/vhpl41 1449674362
AR logicslice behavioral C:/Users/MicSeltene/Desktop/Lab6/Lab_6/LogicSlice.vhd sub00/vhpl29 1449674350
EN two_input_multiplexer NULL C:/Users/MicSeltene/Desktop/Lab6/Lab_6/two_input_multiplexer.vhd sub00/vhpl12 1449674560
EN n_bit_incrementer NULL C:/Users/MicSeltene/Desktop/Lab6/Lab_6/n_bit_incrementer.vhd sub00/vhpl64 1449674373
EN n_bit_register_hold_load NULL C:/Users/MicSeltene/Desktop/Lab6/Lab_6/n_bit_register_hold-load.vhd sub00/vhpl58 1449674566
EN and_gate NULL C:/Users/MicSeltene/Desktop/Lab6/Lab_6/and_gate.vhd sub00/vhpl02 1449674554
EN four_bit_shifter NULL C:/Users/MicSeltene/Desktop/Lab6/Lab_6/four_bit_shifter.vhd sub00/vhpl56 1449674381
EN mircoprogram_controlled_datapath_system NULL C:/Users/MicSeltene/Desktop/Lab6/Lab_6/mircoprogram_controlled_datapath_system.vhd sub00/vhpl76 1449674397
AR four_bit_adder_subtractor behavorial C:/Users/MicSeltene/Desktop/Lab6/Lab_6/four_bit_adder_subtractor.vhd sub00/vhpl33 1449674354
