V3 249
FL C:/Users/edsv3/Desktop/Lab6/Lab6/and_gate.vhd 2015/12/02.17:04:10 P.20131013
FL C:/Users/edsv3/Desktop/Lab6/Lab6/Data_path.vhd 2015/12/03.09:23:39 P.20131013
FL C:/Users/edsv3/Desktop/Lab6/Lab6/D_flipflop.vhd 2015/12/02.17:04:10 P.20131013
FL C:/Users/edsv3/Desktop/Lab6/Lab6/eight_n_bit_register_file.vhd 2015/12/02.17:04:10 P.20131013
FL C:/Users/edsv3/Desktop/Lab6/Lab6/four_bit_adder_subtractor.vhd 2015/12/02.17:04:10 P.20131013
FL C:/Users/edsv3/Desktop/Lab6/Lab6/four_bit_alu.vhd 2015/12/02.17:04:10 P.20131013
FL C:/Users/edsv3/Desktop/Lab6/Lab6/four_bit_arithmetic_unit.vhd 2015/12/02.17:04:10 P.20131013
FL C:/Users/edsv3/Desktop/Lab6/Lab6/four_bit_LAC.vhd 2015/12/02.17:04:10 P.20131013
FL C:/Users/edsv3/Desktop/Lab6/Lab6/four_bit_lac_adder.vhd 2015/12/02.17:04:10 P.20131013
FL C:/Users/edsv3/Desktop/Lab6/Lab6/four_bit_shifter.vhd 2015/12/02.17:04:10 P.20131013
FL C:/Users/edsv3/Desktop/Lab6/Lab6/four_input_multiplexer.vhd 2015/12/02.17:04:10 P.20131013
FL C:/Users/edsv3/Desktop/Lab6/Lab6/full_adder.vhd 2015/12/02.17:04:10 P.20131013
FL C:/Users/edsv3/Desktop/Lab6/Lab6/half_adder.vhd 2015/12/02.17:04:10 P.20131013
FL C:/Users/edsv3/Desktop/Lab6/Lab6/LogicSlice.vhd 2015/12/02.17:04:10 P.20131013
FL C:/Users/edsv3/Desktop/Lab6/Lab6/nbit_logic_unit.vhd 2015/12/02.17:04:10 P.20131013
FL C:/Users/edsv3/Desktop/Lab6/Lab6/nbit_two_input_mux.vhd 2015/12/02.17:04:10 P.20131013
FL C:/Users/edsv3/Desktop/Lab6/Lab6/nbit_xor_control.vhd 2015/12/02.17:04:10 P.20131013
FL C:/Users/edsv3/Desktop/Lab6/Lab6/not_gate.vhd 2015/12/02.17:04:10 P.20131013
FL C:/Users/edsv3/Desktop/Lab6/Lab6/n_bit_2_input_mux.vhd 2015/12/02.17:04:10 P.20131013
FL C:/Users/edsv3/Desktop/Lab6/Lab6/n_bit_adder.vhd 2015/12/02.17:04:10 P.20131013
FL C:/Users/edsv3/Desktop/Lab6/Lab6/n_bit_register.vhd 2015/12/02.17:04:10 P.20131013
FL C:/Users/edsv3/Desktop/Lab6/Lab6/n_bit_register_hold-load.vhd 2015/12/02.17:04:10 P.20131013
FL C:/Users/edsv3/Desktop/Lab6/Lab6/n_bit_rfc_register.vhd 2015/12/02.17:04:10 P.20131013
FL C:/Users/edsv3/Desktop/Lab6/Lab6/n_bit_shifter_rotator_unit.vhd 2015/12/02.17:04:10 P.20131013
FL C:/Users/edsv3/Desktop/Lab6/Lab6/or_gate.vhd 2015/12/02.17:04:10 P.20131013
FL C:/Users/edsv3/Desktop/Lab6/Lab6/register_file_cell.vhd 2015/12/02.17:57:56 P.20131013
FL C:/Users/edsv3/Desktop/Lab6/Lab6/shift_control_logic.vhd 2015/12/02.17:04:10 P.20131013
FL C:/Users/edsv3/Desktop/Lab6/Lab6/three_to_eight_decoder.vhd 2015/12/02.17:04:10 P.20131013
FL C:/Users/edsv3/Desktop/Lab6/Lab6/tri_buff.vhd 2015/12/02.17:04:10 P.20131013
FL C:/Users/edsv3/Desktop/Lab6/Lab6/two_input_multiplexer.vhd 2015/12/02.17:04:10 P.20131013
FL C:/Users/edsv3/Desktop/Lab6/Lab6/xor_gate.vhd 2015/12/02.17:04:12 P.20131013
FL C:/Users/MicSeltene/Desktop/Lab6/Lab_6/and_gate.vhd 2015/12/09.14:56:07 P.20131013
EN work/and_gate 1449674554 \
      FL C:/Users/MicSeltene/Desktop/Lab6/Lab_6/and_gate.vhd \
      PB ieee/std_logic_1164 1381692176
AR work/and_gate/and_gate_behavioral 1449674555 \
      FL C:/Users/MicSeltene/Desktop/Lab6/Lab_6/and_gate.vhd EN work/and_gate 1449674554
FL C:/Users/MicSeltene/Desktop/Lab6/Lab_6/Control.vhd 2015/12/09.15:11:29 P.20131013
EN work/Control 1449674393 FL C:/Users/MicSeltene/Desktop/Lab6/Lab_6/Control.vhd \
      PB ieee/std_logic_1164 1381692176
AR work/Control/Behavioral 1449674394 \
      FL C:/Users/MicSeltene/Desktop/Lab6/Lab_6/Control.vhd EN work/Control 1449674393 \
      CP one_bit_four_input_mux CP FunctionDecoder \
      CP nbit_synchronous_counter_parallel CP Output_ROM_Generic
FL C:/Users/MicSeltene/Desktop/Lab6/Lab_6/Data_path.vhd 2015/12/09.14:56:08 P.20131013
EN work/Data_path 1449674395 \
      FL C:/Users/MicSeltene/Desktop/Lab6/Lab_6/Data_path.vhd \
      PB ieee/std_logic_1164 1381692176
AR work/Data_path/Behavioral 1449674396 \
      FL C:/Users/MicSeltene/Desktop/Lab6/Lab_6/Data_path.vhd EN work/Data_path 1449674395 \
      CP nbit_two_input_mux CP eight_n_bit_register_file CP four_bit_alu \
      CP four_bit_shifter CP n_bit_register_hold_load
FL C:/Users/MicSeltene/Desktop/Lab6/Lab_6/D_flipflop.vhd 2015/12/09.14:56:07 P.20131013
EN work/D_flipflop 1449674558 \
      FL C:/Users/MicSeltene/Desktop/Lab6/Lab_6/D_flipflop.vhd \
      PB ieee/std_logic_1164 1381692176
AR work/D_flipflop/Behavioral 1449674559 \
      FL C:/Users/MicSeltene/Desktop/Lab6/Lab_6/D_flipflop.vhd EN work/D_flipflop 1449674558
FL C:/Users/MicSeltene/Desktop/Lab6/Lab_6/eight_n_bit_register_file.vhd 2015/12/09.14:56:09 P.20131013
EN work/eight_n_bit_register_file 1449674377 \
      FL C:/Users/MicSeltene/Desktop/Lab6/Lab_6/eight_n_bit_register_file.vhd \
      PB ieee/std_logic_1164 1381692176
AR work/eight_n_bit_register_file/Behavioral 1449674378 \
      FL C:/Users/MicSeltene/Desktop/Lab6/Lab_6/eight_n_bit_register_file.vhd \
      EN work/eight_n_bit_register_file 1449674377 CP three_to_eight_decoder \
      CP n_bit_rfc_register
FL C:/Users/MicSeltene/Desktop/Lab6/Lab_6/four_bit_adder_subtractor.vhd 2015/12/09.14:56:09 P.20131013
EN work/four_bit_adder_subtractor 1449674353 \
      FL C:/Users/MicSeltene/Desktop/Lab6/Lab_6/four_bit_adder_subtractor.vhd \
      PB ieee/std_logic_1164 1381692176
AR work/four_bit_adder_subtractor/Behavorial 1449674354 \
      FL C:/Users/MicSeltene/Desktop/Lab6/Lab_6/four_bit_adder_subtractor.vhd \
      EN work/four_bit_adder_subtractor 1449674353 CP nbit_xor_control \
      CP four_bit_lac_adder
FL C:/Users/MicSeltene/Desktop/Lab6/Lab_6/four_bit_alu.vhd 2015/12/09.14:56:09 P.20131013
EN work/four_bit_alu 1449674379 \
      FL C:/Users/MicSeltene/Desktop/Lab6/Lab_6/four_bit_alu.vhd \
      PB ieee/std_logic_1164 1381692176 PB ieee/std_logic_arith 1381692177 \
      PB ieee/STD_LOGIC_UNSIGNED 1381692179
AR work/four_bit_alu/Behavioral 1449674380 \
      FL C:/Users/MicSeltene/Desktop/Lab6/Lab_6/four_bit_alu.vhd \
      EN work/four_bit_alu 1449674379 CP four_bit_arithmetic_unit \
      CP nbit_logic_unit CP nbit_two_input_mux
FL C:/Users/MicSeltene/Desktop/Lab6/Lab_6/four_bit_arithmetic_unit.vhd 2015/12/09.14:56:09 P.20131013
EN work/four_bit_arithmetic_unit 1449674365 \
      FL C:/Users/MicSeltene/Desktop/Lab6/Lab_6/four_bit_arithmetic_unit.vhd \
      PB ieee/std_logic_1164 1381692176 PB ieee/std_logic_arith 1381692177 \
      PB ieee/STD_LOGIC_UNSIGNED 1381692179
AR work/four_bit_arithmetic_unit/Behavioral 1449674366 \
      FL C:/Users/MicSeltene/Desktop/Lab6/Lab_6/four_bit_arithmetic_unit.vhd \
      EN work/four_bit_arithmetic_unit 1449674365 CP nbit_two_input_mux \
      CP four_bit_adder_subtractor
FL C:/Users/MicSeltene/Desktop/Lab6/Lab_6/four_bit_LAC.vhd 2015/12/09.14:56:09 P.20131013
EN work/four_bit_LAC 1449674335 \
      FL C:/Users/MicSeltene/Desktop/Lab6/Lab_6/four_bit_LAC.vhd \
      PB ieee/std_logic_1164 1381692176 PB ieee/std_logic_arith 1381692177 \
      PB ieee/STD_LOGIC_UNSIGNED 1381692179
AR work/four_bit_LAC/Behavioral 1449674336 \
      FL C:/Users/MicSeltene/Desktop/Lab6/Lab_6/four_bit_LAC.vhd \
      EN work/four_bit_LAC 1449674335
FL C:/Users/MicSeltene/Desktop/Lab6/Lab_6/four_bit_lac_adder.vhd 2015/12/09.14:56:09 P.20131013
EN work/four_bit_lac_adder 1449674343 \
      FL C:/Users/MicSeltene/Desktop/Lab6/Lab_6/four_bit_lac_adder.vhd \
      PB ieee/std_logic_1164 1381692176
AR work/four_bit_lac_adder/four_bit_lac_adder_behavioral 1449674344 \
      FL C:/Users/MicSeltene/Desktop/Lab6/Lab_6/four_bit_lac_adder.vhd \
      EN work/four_bit_lac_adder 1449674343 CP four_bit_LAC CP n_bit_adder
FL C:/Users/MicSeltene/Desktop/Lab6/Lab_6/four_bit_shifter.vhd 2015/12/09.14:56:09 P.20131013
EN work/four_bit_shifter 1449674381 \
      FL C:/Users/MicSeltene/Desktop/Lab6/Lab_6/four_bit_shifter.vhd \
      PB ieee/std_logic_1164 1381692176 PB ieee/std_logic_arith 1381692177 \
      PB ieee/STD_LOGIC_UNSIGNED 1381692179
AR work/four_bit_shifter/Behavioral 1449674382 \
      FL C:/Users/MicSeltene/Desktop/Lab6/Lab_6/four_bit_shifter.vhd \
      EN work/four_bit_shifter 1449674381 CP shift_control_logic \
      CP n_bit_shifter_rotator_unit
FL C:/Users/MicSeltene/Desktop/Lab6/Lab_6/four_input_multiplexer.vhd 2015/12/09.14:56:10 P.20131013
EN work/four_input_multiplexer 1449674339 \
      FL C:/Users/MicSeltene/Desktop/Lab6/Lab_6/four_input_multiplexer.vhd \
      PB ieee/std_logic_1164 1381692176 PB ieee/std_logic_arith 1381692177 \
      PB ieee/STD_LOGIC_UNSIGNED 1381692179
AR work/four_input_multiplexer/Behavioral 1449674340 \
      FL C:/Users/MicSeltene/Desktop/Lab6/Lab_6/four_input_multiplexer.vhd \
      EN work/four_input_multiplexer 1449674339 CP two_input_multiplexer
FL C:/Users/MicSeltene/Desktop/Lab6/Lab_6/full_adder.vhd 2015/12/09.14:56:10 P.20131013
EN work/full_adder 1449674331 \
      FL C:/Users/MicSeltene/Desktop/Lab6/Lab_6/full_adder.vhd \
      PB ieee/std_logic_1164 1381692176 PB ieee/std_logic_arith 1381692177 \
      PB ieee/STD_LOGIC_UNSIGNED 1381692179
AR work/full_adder/full_adder_behavioral 1449674332 \
      FL C:/Users/MicSeltene/Desktop/Lab6/Lab_6/full_adder.vhd EN work/full_adder 1449674331 \
      CP half_adder CP or_gate
FL C:/Users/MicSeltene/Desktop/Lab6/Lab_6/FunctionDecoder.vhd 2015/12/09.14:56:10 P.20131013
EN work/FunctionDecoder 1449674387 \
      FL C:/Users/MicSeltene/Desktop/Lab6/Lab_6/FunctionDecoder.vhd \
      PB ieee/std_logic_1164 1381692176
AR work/FunctionDecoder/Behavioral 1449674388 \
      FL C:/Users/MicSeltene/Desktop/Lab6/Lab_6/FunctionDecoder.vhd \
      EN work/FunctionDecoder 1449674387
FL C:/Users/MicSeltene/Desktop/Lab6/Lab_6/half_adder.vhd 2015/12/09.14:56:10 P.20131013
EN work/half_adder 1449674325 \
      FL C:/Users/MicSeltene/Desktop/Lab6/Lab_6/half_adder.vhd \
      PB ieee/std_logic_1164 1381692176
AR work/half_adder/half_adder_behavioral 1449674326 \
      FL C:/Users/MicSeltene/Desktop/Lab6/Lab_6/half_adder.vhd EN work/half_adder 1449674325 \
      CP xor_gate CP and_gate
FL C:/Users/MicSeltene/Desktop/Lab6/Lab_6/LogicSlice.vhd 2015/12/09.14:56:10 P.20131013
EN work/LogicSlice 1449674349 \
      FL C:/Users/MicSeltene/Desktop/Lab6/Lab_6/LogicSlice.vhd \
      PB ieee/std_logic_1164 1381692176
AR work/LogicSlice/Behavioral 1449674350 \
      FL C:/Users/MicSeltene/Desktop/Lab6/Lab_6/LogicSlice.vhd EN work/LogicSlice 1449674349 \
      CP not_gate CP and_gate CP xor_gate CP or_gate CP four_input_multiplexer
FL C:/Users/MicSeltene/Desktop/Lab6/Lab_6/mircoprogram_controlled_datapath_system.vhd 2015/12/09.14:56:10 P.20131013
EN work/mircoprogram_controlled_datapath_system 1449674397 \
      FL C:/Users/MicSeltene/Desktop/Lab6/Lab_6/mircoprogram_controlled_datapath_system.vhd \
      PB ieee/std_logic_1164 1381692176
AR work/mircoprogram_controlled_datapath_system/Behavioral 1449674398 \
      FL C:/Users/MicSeltene/Desktop/Lab6/Lab_6/mircoprogram_controlled_datapath_system.vhd \
      EN work/mircoprogram_controlled_datapath_system 1449674397 CP Control \
      CP Data_path
FL C:/Users/MicSeltene/Desktop/Lab6/Lab_6/nbit_logic_unit.vhd 2015/12/09.14:56:12 P.20131013
EN work/nbit_logic_unit 1449674367 \
      FL C:/Users/MicSeltene/Desktop/Lab6/Lab_6/nbit_logic_unit.vhd \
      PB ieee/std_logic_1164 1381692176
AR work/nbit_logic_unit/Behavioral 1449674368 \
      FL C:/Users/MicSeltene/Desktop/Lab6/Lab_6/nbit_logic_unit.vhd \
      EN work/nbit_logic_unit 1449674367 CP LogicSlice
FL C:/Users/MicSeltene/Desktop/Lab6/Lab_6/nbit_synchronous_counter_parallel.vhd 2015/12/09.15:16:19 P.20131013
EN work/nbit_synchronous_counter_parallel 1449674389 \
      FL C:/Users/MicSeltene/Desktop/Lab6/Lab_6/nbit_synchronous_counter_parallel.vhd \
      PB ieee/std_logic_1164 1381692176
AR work/nbit_synchronous_counter_parallel/Behavioral 1449674390 \
      FL C:/Users/MicSeltene/Desktop/Lab6/Lab_6/nbit_synchronous_counter_parallel.vhd \
      EN work/nbit_synchronous_counter_parallel 1449674389 CP n_bit_incrementer \
      CP n_bit_two_input_mux CP n_bit_register
FL C:/Users/MicSeltene/Desktop/Lab6/Lab_6/nbit_two_input_mux.vhd 2015/12/09.14:56:13 P.20131013
EN work/nbit_two_input_mux 1449674351 \
      FL C:/Users/MicSeltene/Desktop/Lab6/Lab_6/nbit_two_input_mux.vhd \
      PB ieee/std_logic_1164 1381692176 PB ieee/std_logic_arith 1381692177 \
      PB ieee/STD_LOGIC_UNSIGNED 1381692179
AR work/nbit_two_input_mux/nbit_two_input_mux_architecture 1449674352 \
      FL C:/Users/MicSeltene/Desktop/Lab6/Lab_6/nbit_two_input_mux.vhd \
      EN work/nbit_two_input_mux 1449674351 CP two_input_multiplexer
FL C:/Users/MicSeltene/Desktop/Lab6/Lab_6/nbit_xor_control.vhd 2015/12/09.14:56:13 P.20131013
EN work/nbit_xor_control 1449674341 \
      FL C:/Users/MicSeltene/Desktop/Lab6/Lab_6/nbit_xor_control.vhd \
      PB ieee/std_logic_1164 1381692176 PB ieee/std_logic_arith 1381692177 \
      PB ieee/STD_LOGIC_UNSIGNED 1381692179
AR work/nbit_xor_control/Behavioral 1449674342 \
      FL C:/Users/MicSeltene/Desktop/Lab6/Lab_6/nbit_xor_control.vhd \
      EN work/nbit_xor_control 1449674341 CP xor_gate
FL C:/Users/MicSeltene/Desktop/Lab6/Lab_6/not_gate.vhd 2015/12/09.14:56:13 P.20131013
EN work/not_gate 1449674552 \
      FL C:/Users/MicSeltene/Desktop/Lab6/Lab_6/not_gate.vhd \
      PB ieee/std_logic_1164 1381692176
AR work/not_gate/Behavioral 1449674553 \
      FL C:/Users/MicSeltene/Desktop/Lab6/Lab_6/not_gate.vhd EN work/not_gate 1449674552
FL C:/Users/MicSeltene/Desktop/Lab6/Lab_6/n_bit_2_input_mux.vhd 2015/12/09.14:56:10 P.20131013
EN work/n_bit_2_input_mux 1449674562 \
      FL C:/Users/MicSeltene/Desktop/Lab6/Lab_6/n_bit_2_input_mux.vhd \
      PB ieee/std_logic_1164 1381692176
AR work/n_bit_2_input_mux/Behavioral 1449674563 \
      FL C:/Users/MicSeltene/Desktop/Lab6/Lab_6/n_bit_2_input_mux.vhd \
      EN work/n_bit_2_input_mux 1449674562 CP two_input_multiplexer
FL C:/Users/MicSeltene/Desktop/Lab6/Lab_6/n_bit_adder.vhd 2015/12/09.14:56:11 P.20131013
EN work/n_bit_adder 1449674337 \
      FL C:/Users/MicSeltene/Desktop/Lab6/Lab_6/n_bit_adder.vhd \
      PB ieee/std_logic_1164 1381692176 PB ieee/std_logic_arith 1381692177 \
      PB ieee/STD_LOGIC_UNSIGNED 1381692179
AR work/n_bit_adder/n_bit_adder_behavioral 1449674338 \
      FL C:/Users/MicSeltene/Desktop/Lab6/Lab_6/n_bit_adder.vhd \
      EN work/n_bit_adder 1449674337 CP full_adder
FL C:/Users/MicSeltene/Desktop/Lab6/Lab_6/n_bit_incrementer.vhd 2015/12/09.14:56:11 P.20131013
EN work/n_bit_incrementer 1449674373 \
      FL C:/Users/MicSeltene/Desktop/Lab6/Lab_6/n_bit_incrementer.vhd \
      PB ieee/std_logic_1164 1381692176
AR work/n_bit_incrementer/Behavioral 1449674374 \
      FL C:/Users/MicSeltene/Desktop/Lab6/Lab_6/n_bit_incrementer.vhd \
      EN work/n_bit_incrementer 1449674373 CP half_adder
FL C:/Users/MicSeltene/Desktop/Lab6/Lab_6/n_bit_register.vhd 2015/12/09.14:56:11 P.20131013
EN work/n_bit_register 1449674564 \
      FL C:/Users/MicSeltene/Desktop/Lab6/Lab_6/n_bit_register.vhd \
      PB ieee/std_logic_1164 1381692176
AR work/n_bit_register/Behavioral 1449674565 \
      FL C:/Users/MicSeltene/Desktop/Lab6/Lab_6/n_bit_register.vhd \
      EN work/n_bit_register 1449674564 CP D_flipflop
FL C:/Users/MicSeltene/Desktop/Lab6/Lab_6/n_bit_register_hold-load.vhd 2015/12/09.14:56:12 P.20131013
EN work/n_bit_register_hold_load 1449674566 \
      FL C:/Users/MicSeltene/Desktop/Lab6/Lab_6/n_bit_register_hold-load.vhd \
      PB ieee/std_logic_1164 1381692176
AR work/n_bit_register_hold_load/Behavioral 1449674567 \
      FL C:/Users/MicSeltene/Desktop/Lab6/Lab_6/n_bit_register_hold-load.vhd \
      EN work/n_bit_register_hold_load 1449674566 CP n_bit_2_input_mux \
      CP n_bit_register
FL C:/Users/MicSeltene/Desktop/Lab6/Lab_6/n_bit_rfc_register.vhd 2015/12/09.14:56:12 P.20131013
EN work/n_bit_rfc_register 1449674371 \
      FL C:/Users/MicSeltene/Desktop/Lab6/Lab_6/n_bit_rfc_register.vhd \
      PB ieee/std_logic_1164 1381692176
AR work/n_bit_rfc_register/Behavioral 1449674372 \
      FL C:/Users/MicSeltene/Desktop/Lab6/Lab_6/n_bit_rfc_register.vhd \
      EN work/n_bit_rfc_register 1449674371 CP register_file_cell
FL C:/Users/MicSeltene/Desktop/Lab6/Lab_6/n_bit_shifter_rotator_unit.vhd 2015/12/09.14:56:12 P.20131013
EN work/n_bit_shifter_rotator_unit 1449674363 \
      FL C:/Users/MicSeltene/Desktop/Lab6/Lab_6/n_bit_shifter_rotator_unit.vhd \
      PB ieee/std_logic_1164 1381692176 PB ieee/std_logic_arith 1381692177 \
      PB ieee/STD_LOGIC_UNSIGNED 1381692179
AR work/n_bit_shifter_rotator_unit/Behavioral 1449674364 \
      FL C:/Users/MicSeltene/Desktop/Lab6/Lab_6/n_bit_shifter_rotator_unit.vhd \
      EN work/n_bit_shifter_rotator_unit 1449674363 CP two_input_multiplexer \
      CP four_input_multiplexer
FL C:/Users/MicSeltene/Desktop/Lab6/Lab_6/n_bit_two_input_mux.vhd 2015/12/09.14:56:12 P.20131013
EN work/n_bit_two_input_mux 1449674375 \
      FL C:/Users/MicSeltene/Desktop/Lab6/Lab_6/n_bit_two_input_mux.vhd \
      PB ieee/std_logic_1164 1381692176
AR work/n_bit_two_input_mux/Behavioral 1449674376 \
      FL C:/Users/MicSeltene/Desktop/Lab6/Lab_6/n_bit_two_input_mux.vhd \
      EN work/n_bit_two_input_mux 1449674375 CP two_input_multiplexer
FL C:/Users/MicSeltene/Desktop/Lab6/Lab_6/one_bit_four_input_mux.vhd 2015/12/09.14:56:13 P.20131013
EN work/one_bit_four_input_mux 1449674385 \
      FL C:/Users/MicSeltene/Desktop/Lab6/Lab_6/one_bit_four_input_mux.vhd \
      PB ieee/std_logic_1164 1381692176
AR work/one_bit_four_input_mux/Behavioral 1449674386 \
      FL C:/Users/MicSeltene/Desktop/Lab6/Lab_6/one_bit_four_input_mux.vhd \
      EN work/one_bit_four_input_mux 1449674385
FL C:/Users/MicSeltene/Desktop/Lab6/Lab_6/or_gate.vhd 2015/12/09.14:56:13 P.20131013
EN work/or_gate 1449674556 FL C:/Users/MicSeltene/Desktop/Lab6/Lab_6/or_gate.vhd \
      PB ieee/std_logic_1164 1381692176
AR work/or_gate/or_gate_behaviour 1449674557 \
      FL C:/Users/MicSeltene/Desktop/Lab6/Lab_6/or_gate.vhd EN work/or_gate 1449674556
FL C:/Users/MicSeltene/Desktop/Lab6/Lab_6/Output_ROM_Generic.vhd 2015/12/09.14:56:13 P.20131013
EN work/Output_ROM_Generic 1449674391 \
      FL C:/Users/MicSeltene/Desktop/Lab6/Lab_6/Output_ROM_Generic.vhd \
      PB ieee/std_logic_1164 1381692176
AR work/Output_ROM_Generic/Behavioral 1449674392 \
      FL C:/Users/MicSeltene/Desktop/Lab6/Lab_6/Output_ROM_Generic.vhd \
      EN work/Output_ROM_Generic 1449674391
FL C:/Users/MicSeltene/Desktop/Lab6/Lab_6/register_file_cell.vhd 2015/12/09.14:56:13 P.20131013
EN work/register_file_cell 1449674355 \
      FL C:/Users/MicSeltene/Desktop/Lab6/Lab_6/register_file_cell.vhd \
      PB ieee/std_logic_1164 1381692176
AR work/register_file_cell/Behavioral 1449674356 \
      FL C:/Users/MicSeltene/Desktop/Lab6/Lab_6/register_file_cell.vhd \
      EN work/register_file_cell 1449674355 CP two_input_multiplexer CP D_flipflop \
      CP tri_buff
FL C:/Users/MicSeltene/Desktop/Lab6/Lab_6/shift_control_logic.vhd 2015/12/09.14:56:13 P.20131013
EN work/shift_control_logic 1449674361 \
      FL C:/Users/MicSeltene/Desktop/Lab6/Lab_6/shift_control_logic.vhd \
      PB ieee/std_logic_1164 1381692176 PB ieee/STD_LOGIC_UNSIGNED 1381692179 \
      PB ieee/NUMERIC_STD 1381692181
AR work/shift_control_logic/Behavioral 1449674362 \
      FL C:/Users/MicSeltene/Desktop/Lab6/Lab_6/shift_control_logic.vhd \
      EN work/shift_control_logic 1449674361
FL C:/Users/MicSeltene/Desktop/Lab6/Lab_6/three_to_eight_decoder.vhd 2015/12/09.14:56:13 P.20131013
EN work/three_to_eight_decoder 1449674369 \
      FL C:/Users/MicSeltene/Desktop/Lab6/Lab_6/three_to_eight_decoder.vhd \
      PB ieee/std_logic_1164 1381692176 PB ieee/std_logic_arith 1381692177 \
      PB ieee/STD_LOGIC_UNSIGNED 1381692179
AR work/three_to_eight_decoder/with_select_arch 1449674370 \
      FL C:/Users/MicSeltene/Desktop/Lab6/Lab_6/three_to_eight_decoder.vhd \
      EN work/three_to_eight_decoder 1449674369
FL C:/Users/MicSeltene/Desktop/Lab6/Lab_6/tri_buff.vhd 2015/12/09.14:56:13 P.20131013
EN work/tri_buff 1449674347 \
      FL C:/Users/MicSeltene/Desktop/Lab6/Lab_6/tri_buff.vhd \
      PB ieee/std_logic_1164 1381692176 PB ieee/std_logic_arith 1381692177 \
      PB ieee/STD_LOGIC_UNSIGNED 1381692179
AR work/tri_buff/Behavioral 1449674348 \
      FL C:/Users/MicSeltene/Desktop/Lab6/Lab_6/tri_buff.vhd EN work/tri_buff 1449674347
FL C:/Users/MicSeltene/Desktop/Lab6/Lab_6/two_input_multiplexer.vhd 2015/12/09.14:56:13 P.20131013
EN work/two_input_multiplexer 1449674560 \
      FL C:/Users/MicSeltene/Desktop/Lab6/Lab_6/two_input_multiplexer.vhd \
      PB ieee/std_logic_1164 1381692176 PB ieee/std_logic_arith 1381692177 \
      PB ieee/STD_LOGIC_UNSIGNED 1381692179
AR work/two_input_multiplexer/two_input_multiplexer_behavioral 1449674561 \
      FL C:/Users/MicSeltene/Desktop/Lab6/Lab_6/two_input_multiplexer.vhd \
      EN work/two_input_multiplexer 1449674560 CP not_gate CP and_gate CP or_gate
FL C:/Users/MicSeltene/Desktop/Lab6/Lab_6/xor_gate.vhd 2015/12/09.14:56:13 P.20131013
EN work/xor_gate 1449674321 \
      FL C:/Users/MicSeltene/Desktop/Lab6/Lab_6/xor_gate.vhd \
      PB ieee/std_logic_1164 1381692176 PB ieee/std_logic_arith 1381692177 \
      PB ieee/STD_LOGIC_UNSIGNED 1381692179
AR work/xor_gate/Behavioral 1449674322 \
      FL C:/Users/MicSeltene/Desktop/Lab6/Lab_6/xor_gate.vhd EN work/xor_gate 1449674321
FL E:/Lab6/Lab6/and_gate.vhd 2015/12/02.17:04:10 P.20131013
FL E:/Lab6/Lab6/Data_path.vhd 2015/12/03.11:51:16 P.20131013
FL E:/Lab6/Lab6/D_flipflop.vhd 2015/12/02.17:04:10 P.20131013
FL E:/Lab6/Lab6/eight_n_bit_register_file.vhd 2015/12/02.17:04:10 P.20131013
FL E:/Lab6/Lab6/four_bit_adder_subtractor.vhd 2015/12/02.17:04:10 P.20131013
FL E:/Lab6/Lab6/four_bit_alu.vhd 2015/12/02.17:04:10 P.20131013
FL E:/Lab6/Lab6/four_bit_arithmetic_unit.vhd 2015/12/02.17:04:10 P.20131013
FL E:/Lab6/Lab6/four_bit_LAC.vhd 2015/12/02.17:04:10 P.20131013
FL E:/Lab6/Lab6/four_bit_lac_adder.vhd 2015/12/02.17:04:10 P.20131013
FL E:/Lab6/Lab6/four_bit_shifter.vhd 2015/12/02.17:04:10 P.20131013
FL E:/Lab6/Lab6/four_input_multiplexer.vhd 2015/12/02.17:04:10 P.20131013
FL E:/Lab6/Lab6/full_adder.vhd 2015/12/02.17:04:10 P.20131013
FL E:/Lab6/Lab6/half_adder.vhd 2015/12/02.17:04:10 P.20131013
FL E:/Lab6/Lab6/LogicSlice.vhd 2015/12/02.17:04:10 P.20131013
FL E:/Lab6/Lab6/nbit_logic_unit.vhd 2015/12/02.17:04:10 P.20131013
FL E:/Lab6/Lab6/nbit_two_input_mux.vhd 2015/12/02.17:04:10 P.20131013
FL E:/Lab6/Lab6/nbit_xor_control.vhd 2015/12/02.17:04:10 P.20131013
FL E:/Lab6/Lab6/not_gate.vhd 2015/12/02.17:04:10 P.20131013
FL E:/Lab6/Lab6/n_bit_2_input_mux.vhd 2015/12/02.17:04:10 P.20131013
FL E:/Lab6/Lab6/n_bit_adder.vhd 2015/12/02.17:04:10 P.20131013
FL E:/Lab6/Lab6/n_bit_register.vhd 2015/12/03.12:42:44 P.20131013
FL E:/Lab6/Lab6/n_bit_register_hold-load.vhd 2015/12/03.12:56:04 P.20131013
FL E:/Lab6/Lab6/n_bit_rfc_register.vhd 2015/12/02.17:04:10 P.20131013
FL E:/Lab6/Lab6/n_bit_shifter_rotator_unit.vhd 2015/12/02.17:04:10 P.20131013
FL E:/Lab6/Lab6/n_bit_two_input_mux.vhd 2015/12/03.12:41:18 P.20131013
FL E:/Lab6/Lab6/or_gate.vhd 2015/12/02.17:04:10 P.20131013
FL E:/Lab6/Lab6/register_file_cell.vhd 2015/12/02.17:57:56 P.20131013
FL E:/Lab6/Lab6/shift_control_logic.vhd 2015/12/02.17:04:10 P.20131013
FL E:/Lab6/Lab6/three_to_eight_decoder.vhd 2015/12/02.17:04:10 P.20131013
FL E:/Lab6/Lab6/tri_buff.vhd 2015/12/02.17:04:10 P.20131013
FL E:/Lab6/Lab6/two_input_multiplexer.vhd 2015/12/02.17:04:10 P.20131013
FL E:/Lab6/Lab6/xor_gate.vhd 2015/12/02.17:04:12 P.20131013
FL H:/Lab6/Lab6/and_gate.vhd 2015/12/02.17:04:10 P.20131013
FL H:/Lab6/Lab6/Data_path.vhd 2015/12/08.15:56:04 P.20131013
FL H:/Lab6/Lab6/D_flipflop.vhd 2015/12/02.17:04:10 P.20131013
FL H:/Lab6/Lab6/eight_n_bit_register_file.vhd 2015/12/02.17:04:10 P.20131013
FL H:/Lab6/Lab6/four_bit_adder_subtractor.vhd 2015/12/02.17:04:10 P.20131013
FL H:/Lab6/Lab6/four_bit_alu.vhd 2015/12/02.17:04:10 P.20131013
FL H:/Lab6/Lab6/four_bit_arithmetic_unit.vhd 2015/12/02.17:04:10 P.20131013
FL H:/Lab6/Lab6/four_bit_LAC.vhd 2015/12/02.17:04:10 P.20131013
FL H:/Lab6/Lab6/four_bit_lac_adder.vhd 2015/12/02.17:04:10 P.20131013
FL H:/Lab6/Lab6/four_bit_shifter.vhd 2015/12/02.17:04:10 P.20131013
FL H:/Lab6/Lab6/four_input_multiplexer.vhd 2015/12/02.17:04:10 P.20131013
FL H:/Lab6/Lab6/full_adder.vhd 2015/12/02.17:04:10 P.20131013
FL H:/Lab6/Lab6/half_adder.vhd 2015/12/02.17:04:10 P.20131013
FL H:/Lab6/Lab6/LogicSlice.vhd 2015/12/02.17:04:10 P.20131013
FL H:/Lab6/Lab6/nbit_logic_unit.vhd 2015/12/02.17:04:10 P.20131013
FL H:/Lab6/Lab6/nbit_two_input_mux.vhd 2015/12/02.17:04:10 P.20131013
FL H:/Lab6/Lab6/nbit_xor_control.vhd 2015/12/02.17:04:10 P.20131013
FL H:/Lab6/Lab6/not_gate.vhd 2015/12/08.14:08:58 P.20131013
FL H:/Lab6/Lab6/n_bit_2_input_mux.vhd 2015/12/02.17:04:10 P.20131013
FL H:/Lab6/Lab6/n_bit_adder.vhd 2015/12/02.17:04:10 P.20131013
FL H:/Lab6/Lab6/n_bit_register.vhd 2015/12/03.12:42:44 P.20131013
FL H:/Lab6/Lab6/n_bit_register_hold-load.vhd 2015/12/03.12:56:04 P.20131013
FL H:/Lab6/Lab6/n_bit_rfc_register.vhd 2015/12/02.17:04:10 P.20131013
FL H:/Lab6/Lab6/n_bit_shifter_rotator_unit.vhd 2015/12/02.17:04:10 P.20131013
FL H:/Lab6/Lab6/or_gate.vhd 2015/12/02.17:04:10 P.20131013
FL H:/Lab6/Lab6/register_file_cell.vhd 2015/12/02.17:57:56 P.20131013
FL H:/Lab6/Lab6/shift_control_logic.vhd 2015/12/02.17:04:10 P.20131013
FL H:/Lab6/Lab6/three_to_eight_decoder.vhd 2015/12/02.17:04:10 P.20131013
FL H:/Lab6/Lab6/tri_buff.vhd 2015/12/02.17:04:10 P.20131013
FL H:/Lab6/Lab6/two_input_multiplexer.vhd 2015/12/02.17:04:10 P.20131013
FL H:/Lab6/Lab6/xor_gate.vhd 2015/12/08.14:09:00 P.20131013
