AR eight_bit_comparator behavioral C:/Users/edsv3/Desktop/DSD/eight_bit_comparator/eight_bit_register.vhd sub00/vhpl03 1447775152
AR eight_bit_registr behavioral C:/Users/edsv3/Desktop/DSD/eight_bit_comparator/eight_bit_register.vhd sub00/vhpl01 1447774945
EN eight_bit_comparator NULL C:/Users/edsv3/Desktop/DSD/eight_bit_comparator/eight_bit_register.vhd sub00/vhpl02 1447775151
EN eight_bit_registr NULL C:/Users/edsv3/Desktop/DSD/eight_bit_comparator/eight_bit_register.vhd sub00/vhpl00 1447774944
