EN d_flipflop NULL "C:/Users/hs304/Desktop/Lab_5/Lab_5_prep/register_file_cell + n_bit_rfc_reg/D_flipflop.vhd" sub00/vhpl08 1448462597
EN n_bit_rfc_register NULL "C:/Users/hs304/Desktop/Lab_5/Lab_5_prep/register_file_cell + n_bit_rfc_reg/n_bit_rfc_register.vhd" sub00/vhpl14 1448462603
AR not_gate behavioral "C:/Users/hs304/Desktop/Lab_5/Lab_5_prep/register_file_cell + n_bit_rfc_reg/not_gate.vhd" sub00/vhpl01 1448462590
EN not_gate NULL "C:/Users/hs304/Desktop/Lab_5/Lab_5_prep/register_file_cell + n_bit_rfc_reg/not_gate.vhd" sub00/vhpl00 1448462589
AR register_file_cell behavioral "C:/Users/hs304/Desktop/Lab_5/Lab_5_prep/register_file_cell + n_bit_rfc_reg/register_file_cell.vhd" sub00/vhpl13 1448462602
AR n_bit_rfc_register behavioral "C:/Users/hs304/Desktop/Lab_5/Lab_5_prep/register_file_cell + n_bit_rfc_reg/n_bit_rfc_register.vhd" sub00/vhpl15 1448462604
EN register_file_cell NULL "C:/Users/hs304/Desktop/Lab_5/Lab_5_prep/register_file_cell + n_bit_rfc_reg/register_file_cell.vhd" sub00/vhpl12 1448462601
EN or_gate NULL "C:/Users/hs304/Desktop/Lab_5/Lab_5_prep/register_file_cell + n_bit_rfc_reg/or_gate.vhd" sub00/vhpl04 1448462593
AR d_flipflop behavioral "C:/Users/hs304/Desktop/Lab_5/Lab_5_prep/register_file_cell + n_bit_rfc_reg/D_flipflop.vhd" sub00/vhpl09 1448462598
AR two_input_multiplexer two_input_multiplexer_behavioral "C:/Users/hs304/Desktop/Lab_5/Lab_5_prep/register_file_cell + n_bit_rfc_reg/two_input_multiplexer.vhd" sub00/vhpl07 1448462596
EN tri_buff NULL "C:/Users/hs304/Desktop/Lab_5/Lab_5_prep/register_file_cell + n_bit_rfc_reg/tri_buff.vhd" sub00/vhpl10 1448462599
AR tri_buff behavioral "C:/Users/hs304/Desktop/Lab_5/Lab_5_prep/register_file_cell + n_bit_rfc_reg/tri_buff.vhd" sub00/vhpl11 1448462600
AR or_gate or_gate_behaviour "C:/Users/hs304/Desktop/Lab_5/Lab_5_prep/register_file_cell + n_bit_rfc_reg/or_gate.vhd" sub00/vhpl05 1448462594
AR and_gate and_gate_behavioral "C:/Users/hs304/Desktop/Lab_5/Lab_5_prep/register_file_cell + n_bit_rfc_reg/and_gate.vhd" sub00/vhpl03 1448462592
EN two_input_multiplexer NULL "C:/Users/hs304/Desktop/Lab_5/Lab_5_prep/register_file_cell + n_bit_rfc_reg/two_input_multiplexer.vhd" sub00/vhpl06 1448462595
EN and_gate NULL "C:/Users/hs304/Desktop/Lab_5/Lab_5_prep/register_file_cell + n_bit_rfc_reg/and_gate.vhd" sub00/vhpl02 1448462591
