EN d_flipflop NULL "C:/Users/Yasmin/Documents/GitHub/DSD_group_6/Lab_5/Lab_5_prep/register_file_cell + n_bit_rfc_reg/D_flipflop.vhd" sub00/vhpl08 1448977260
EN n_bit_rfc_register NULL "C:/Users/hs304/Desktop/Lab_5/Lab_5_prep/register_file_cell + n_bit_rfc_reg/n_bit_rfc_register.vhd" sub00/vhpl14 1448462603
AR not_gate behavioral "C:/Users/Yasmin/Documents/GitHub/DSD_group_6/Lab_5/Lab_5_prep/register_file_cell + n_bit_rfc_reg/not_gate.vhd" sub00/vhpl01 1448977253
EN not_gate NULL "C:/Users/Yasmin/Documents/GitHub/DSD_group_6/Lab_5/Lab_5_prep/register_file_cell + n_bit_rfc_reg/not_gate.vhd" sub00/vhpl00 1448977252
AR register_file_cell behavioral "C:/Users/Yasmin/Documents/GitHub/DSD_group_6/Lab_5/Lab_5_prep/register_file_cell + n_bit_rfc_reg/register_file_cell.vhd" sub00/vhpl13 1448977265
AR n_bit_rfc_register behavioral "C:/Users/hs304/Desktop/Lab_5/Lab_5_prep/register_file_cell + n_bit_rfc_reg/n_bit_rfc_register.vhd" sub00/vhpl15 1448462604
EN register_file_cell NULL "C:/Users/Yasmin/Documents/GitHub/DSD_group_6/Lab_5/Lab_5_prep/register_file_cell + n_bit_rfc_reg/register_file_cell.vhd" sub00/vhpl12 1448977264
EN or_gate NULL "C:/Users/Yasmin/Documents/GitHub/DSD_group_6/Lab_5/Lab_5_prep/register_file_cell + n_bit_rfc_reg/or_gate.vhd" sub00/vhpl04 1448977256
AR d_flipflop behavioral "C:/Users/Yasmin/Documents/GitHub/DSD_group_6/Lab_5/Lab_5_prep/register_file_cell + n_bit_rfc_reg/D_flipflop.vhd" sub00/vhpl09 1448977261
AR two_input_multiplexer two_input_multiplexer_behavioral "C:/Users/Yasmin/Documents/GitHub/DSD_group_6/Lab_5/Lab_5_prep/register_file_cell + n_bit_rfc_reg/two_input_multiplexer.vhd" sub00/vhpl07 1448977259
EN tri_buff NULL "C:/Users/Yasmin/Documents/GitHub/DSD_group_6/Lab_5/Lab_5_prep/register_file_cell + n_bit_rfc_reg/tri_buff.vhd" sub00/vhpl10 1448977262
AR tri_buff behavioral "C:/Users/Yasmin/Documents/GitHub/DSD_group_6/Lab_5/Lab_5_prep/register_file_cell + n_bit_rfc_reg/tri_buff.vhd" sub00/vhpl11 1448977263
AR or_gate or_gate_behaviour "C:/Users/Yasmin/Documents/GitHub/DSD_group_6/Lab_5/Lab_5_prep/register_file_cell + n_bit_rfc_reg/or_gate.vhd" sub00/vhpl05 1448977257
AR and_gate and_gate_behavioral "C:/Users/Yasmin/Documents/GitHub/DSD_group_6/Lab_5/Lab_5_prep/register_file_cell + n_bit_rfc_reg/and_gate.vhd" sub00/vhpl03 1448977255
EN two_input_multiplexer NULL "C:/Users/Yasmin/Documents/GitHub/DSD_group_6/Lab_5/Lab_5_prep/register_file_cell + n_bit_rfc_reg/two_input_multiplexer.vhd" sub00/vhpl06 1448977258
EN and_gate NULL "C:/Users/Yasmin/Documents/GitHub/DSD_group_6/Lab_5/Lab_5_prep/register_file_cell + n_bit_rfc_reg/and_gate.vhd" sub00/vhpl02 1448977254
