V3 38
FL "C:/Users/hs304/Desktop/Lab_5/Lab_5_prep/register_file_cell + n_bit_rfc_reg/and_gate.vhd" 2015/11/24.22:02:06 P.20131013
FL "C:/Users/hs304/Desktop/Lab_5/Lab_5_prep/register_file_cell + n_bit_rfc_reg/D_flipflop.vhd" 2015/11/24.22:02:06 P.20131013
FL "C:/Users/hs304/Desktop/Lab_5/Lab_5_prep/register_file_cell + n_bit_rfc_reg/not_gate.vhd" 2015/11/24.22:02:06 P.20131013
FL "C:/Users/hs304/Desktop/Lab_5/Lab_5_prep/register_file_cell + n_bit_rfc_reg/n_bit_rfc_register.vhd" 2015/11/25.14:23:10 P.20131013
EN work/n_bit_rfc_register 1448462603 \
      FL "C:/Users/hs304/Desktop/Lab_5/Lab_5_prep/register_file_cell + n_bit_rfc_reg/n_bit_rfc_register.vhd" \
      PB ieee/std_logic_1164 1381692176
AR work/n_bit_rfc_register/Behavioral 1448462604 \
      FL "C:/Users/hs304/Desktop/Lab_5/Lab_5_prep/register_file_cell + n_bit_rfc_reg/n_bit_rfc_register.vhd" \
      EN work/n_bit_rfc_register 1448462603 CP register_file_cell
FL "C:/Users/hs304/Desktop/Lab_5/Lab_5_prep/register_file_cell + n_bit_rfc_reg/or_gate.vhd" 2015/11/24.22:02:06 P.20131013
FL "C:/Users/hs304/Desktop/Lab_5/Lab_5_prep/register_file_cell + n_bit_rfc_reg/register_file_cell.vhd" 2015/11/24.22:02:06 P.20131013
FL "C:/Users/hs304/Desktop/Lab_5/Lab_5_prep/register_file_cell + n_bit_rfc_reg/tri_buff.vhd" 2015/11/24.22:02:06 P.20131013
FL "C:/Users/hs304/Desktop/Lab_5/Lab_5_prep/register_file_cell + n_bit_rfc_reg/two_input_multiplexer.vhd" 2015/11/24.22:02:06 P.20131013
FL "C:/Users/Yasmin/Documents/GitHub/DSD_group_6/Lab_5/Lab_5_prep/register_file_cell + n_bit_rfc_reg/and_gate.vhd" 2015/11/24.22:02:06 P.20131013
EN work/and_gate 1448977254 \
      FL "C:/Users/Yasmin/Documents/GitHub/DSD_group_6/Lab_5/Lab_5_prep/register_file_cell + n_bit_rfc_reg/and_gate.vhd" \
      PB ieee/std_logic_1164 1381692176
AR work/and_gate/and_gate_behavioral 1448977255 \
      FL "C:/Users/Yasmin/Documents/GitHub/DSD_group_6/Lab_5/Lab_5_prep/register_file_cell + n_bit_rfc_reg/and_gate.vhd" \
      EN work/and_gate 1448977254
FL "C:/Users/Yasmin/Documents/GitHub/DSD_group_6/Lab_5/Lab_5_prep/register_file_cell + n_bit_rfc_reg/D_flipflop.vhd" 2015/11/24.22:02:06 P.20131013
EN work/D_flipflop 1448977260 \
      FL "C:/Users/Yasmin/Documents/GitHub/DSD_group_6/Lab_5/Lab_5_prep/register_file_cell + n_bit_rfc_reg/D_flipflop.vhd" \
      PB ieee/std_logic_1164 1381692176
AR work/D_flipflop/Behavioral 1448977261 \
      FL "C:/Users/Yasmin/Documents/GitHub/DSD_group_6/Lab_5/Lab_5_prep/register_file_cell + n_bit_rfc_reg/D_flipflop.vhd" \
      EN work/D_flipflop 1448977260
FL "C:/Users/Yasmin/Documents/GitHub/DSD_group_6/Lab_5/Lab_5_prep/register_file_cell + n_bit_rfc_reg/not_gate.vhd" 2015/11/24.22:02:06 P.20131013
EN work/not_gate 1448977252 \
      FL "C:/Users/Yasmin/Documents/GitHub/DSD_group_6/Lab_5/Lab_5_prep/register_file_cell + n_bit_rfc_reg/not_gate.vhd" \
      PB ieee/std_logic_1164 1381692176
AR work/not_gate/Behavioral 1448977253 \
      FL "C:/Users/Yasmin/Documents/GitHub/DSD_group_6/Lab_5/Lab_5_prep/register_file_cell + n_bit_rfc_reg/not_gate.vhd" \
      EN work/not_gate 1448977252
FL "C:/Users/Yasmin/Documents/GitHub/DSD_group_6/Lab_5/Lab_5_prep/register_file_cell + n_bit_rfc_reg/or_gate.vhd" 2015/11/24.22:02:06 P.20131013
EN work/or_gate 1448977256 \
      FL "C:/Users/Yasmin/Documents/GitHub/DSD_group_6/Lab_5/Lab_5_prep/register_file_cell + n_bit_rfc_reg/or_gate.vhd" \
      PB ieee/std_logic_1164 1381692176
AR work/or_gate/or_gate_behaviour 1448977257 \
      FL "C:/Users/Yasmin/Documents/GitHub/DSD_group_6/Lab_5/Lab_5_prep/register_file_cell + n_bit_rfc_reg/or_gate.vhd" \
      EN work/or_gate 1448977256
FL "C:/Users/Yasmin/Documents/GitHub/DSD_group_6/Lab_5/Lab_5_prep/register_file_cell + n_bit_rfc_reg/register_file_cell.vhd" 2015/11/24.22:02:06 P.20131013
EN work/register_file_cell 1448977264 \
      FL "C:/Users/Yasmin/Documents/GitHub/DSD_group_6/Lab_5/Lab_5_prep/register_file_cell + n_bit_rfc_reg/register_file_cell.vhd" \
      PB ieee/std_logic_1164 1381692176
AR work/register_file_cell/Behavioral 1448977265 \
      FL "C:/Users/Yasmin/Documents/GitHub/DSD_group_6/Lab_5/Lab_5_prep/register_file_cell + n_bit_rfc_reg/register_file_cell.vhd" \
      EN work/register_file_cell 1448977264 CP two_input_multiplexer CP D_flipflop \
      CP tri_buff
FL "C:/Users/Yasmin/Documents/GitHub/DSD_group_6/Lab_5/Lab_5_prep/register_file_cell + n_bit_rfc_reg/tri_buff.vhd" 2015/11/24.22:02:06 P.20131013
EN work/tri_buff 1448977262 \
      FL "C:/Users/Yasmin/Documents/GitHub/DSD_group_6/Lab_5/Lab_5_prep/register_file_cell + n_bit_rfc_reg/tri_buff.vhd" \
      PB ieee/std_logic_1164 1381692176 PB ieee/std_logic_arith 1381692177 \
      PB ieee/STD_LOGIC_UNSIGNED 1381692179
AR work/tri_buff/Behavioral 1448977263 \
      FL "C:/Users/Yasmin/Documents/GitHub/DSD_group_6/Lab_5/Lab_5_prep/register_file_cell + n_bit_rfc_reg/tri_buff.vhd" \
      EN work/tri_buff 1448977262
FL "C:/Users/Yasmin/Documents/GitHub/DSD_group_6/Lab_5/Lab_5_prep/register_file_cell + n_bit_rfc_reg/two_input_multiplexer.vhd" 2015/11/24.22:02:06 P.20131013
EN work/two_input_multiplexer 1448977258 \
      FL "C:/Users/Yasmin/Documents/GitHub/DSD_group_6/Lab_5/Lab_5_prep/register_file_cell + n_bit_rfc_reg/two_input_multiplexer.vhd" \
      PB ieee/std_logic_1164 1381692176 PB ieee/std_logic_arith 1381692177 \
      PB ieee/STD_LOGIC_UNSIGNED 1381692179
AR work/two_input_multiplexer/two_input_multiplexer_behavioral 1448977259 \
      FL "C:/Users/Yasmin/Documents/GitHub/DSD_group_6/Lab_5/Lab_5_prep/register_file_cell + n_bit_rfc_reg/two_input_multiplexer.vhd" \
      EN work/two_input_multiplexer 1448977258 CP not_gate CP and_gate CP or_gate
