V3 3
FL C:/Users/edsv3/Desktop/DSD/next_state_logic/next_state_logic.vhd 2015/11/15.20:17:58 P.20131013
EN work/next_state_logic 1447618685 \
      FL C:/Users/edsv3/Desktop/DSD/next_state_logic/next_state_logic.vhd \
      PB ieee/std_logic_1164 1381692176
AR work/next_state_logic/Behavioral 1447618686 \
      FL C:/Users/edsv3/Desktop/DSD/next_state_logic/next_state_logic.vhd \
      EN work/next_state_logic 1447618685
