EN sixteen_x_7_decoder_rom NULL C:/Users/MicSeltene/Documents/GitHub/DSD_group_6/Lab_5/Lab_5_prep/MICHAEL/sixteen_x_7_decoder_rom.vhd sub00/vhpl20 1449069964
AR eight_n_bit_register_file behavioral C:/Users/MicSeltene/Documents/GitHub/DSD_group_6/Lab_5/Lab_5_prep/MICHAEL/eight_n_bit_register_file.vhd sub00/vhpl17 1449070076
EN d_flipflop NULL C:/Users/MicSeltene/Documents/GitHub/DSD_group_6/Lab_5/Lab_5_prep/MICHAEL/D_flipflop.vhd sub00/vhpl08 1449070065
EN n_bit_rfc_register NULL C:/Users/MicSeltene/Documents/GitHub/DSD_group_6/Lab_5/Lab_5_prep/MICHAEL/n_bit_rfc_register.vhd sub00/vhpl14 1449070073
AR not_gate behavioral C:/Users/MicSeltene/Documents/GitHub/DSD_group_6/Lab_5/Lab_5_prep/MICHAEL/not_gate.vhd sub00/vhpl01 1449070058
EN t_flipflop NULL C:/Users/MicSeltene/Documents/GitHub/DSD_group_6/Lab_5/Lab_5_prep/MICHAEL/T_flipflop.vhd sub00/vhpl22 1449069960
EN eight_n_bit_register_file NULL C:/Users/MicSeltene/Documents/GitHub/DSD_group_6/Lab_5/Lab_5_prep/MICHAEL/eight_n_bit_register_file.vhd sub00/vhpl16 1449070075
EN not_gate NULL C:/Users/MicSeltene/Documents/GitHub/DSD_group_6/Lab_5/Lab_5_prep/MICHAEL/not_gate.vhd sub00/vhpl00 1449070057
AR register_file_cell behavioral C:/Users/MicSeltene/Documents/GitHub/DSD_group_6/Lab_5/Lab_5_prep/MICHAEL/register_file_cell.vhd sub00/vhpl13 1449070070
EN tdm_display_circuit NULL C:/Users/MicSeltene/Documents/GitHub/DSD_group_6/Lab_5/Lab_5_prep/MICHAEL/tdm_display_circuit.vhd sub00/vhpl26 1449069966
AR n_bit_rfc_register behavioral C:/Users/MicSeltene/Documents/GitHub/DSD_group_6/Lab_5/Lab_5_prep/MICHAEL/n_bit_rfc_register.vhd sub00/vhpl15 1449070074
EN register_file_cell NULL C:/Users/MicSeltene/Documents/GitHub/DSD_group_6/Lab_5/Lab_5_prep/MICHAEL/register_file_cell.vhd sub00/vhpl12 1449070069
AR t_flipflop behavioral C:/Users/MicSeltene/Documents/GitHub/DSD_group_6/Lab_5/Lab_5_prep/MICHAEL/T_flipflop.vhd sub00/vhpl23 1449069961
AR nbit_tristate_buffer behavioral C:/Users/MicSeltene/Documents/GitHub/DSD_group_6/Lab_5/Lab_5_prep/MICHAEL/nbit_tristate_buffer.vhd sub00/vhpl25 1449069963
AR sixteen_x_7_decoder_rom behavioral C:/Users/MicSeltene/Documents/GitHub/DSD_group_6/Lab_5/Lab_5_prep/MICHAEL/sixteen_x_7_decoder_rom.vhd sub00/vhpl21 1449069965
EN or_gate NULL C:/Users/MicSeltene/Documents/GitHub/DSD_group_6/Lab_5/Lab_5_prep/MICHAEL/or_gate.vhd sub00/vhpl04 1449070061
AR d_flipflop behavioral C:/Users/MicSeltene/Documents/GitHub/DSD_group_6/Lab_5/Lab_5_prep/MICHAEL/D_flipflop.vhd sub00/vhpl09 1449070066
EN three_to_eight_decoder NULL C:/Users/MicSeltene/Documents/GitHub/DSD_group_6/Lab_5/Lab_5_prep/MICHAEL/three_to_eight_decoder.vhd sub00/vhpl18 1449070071
AR two_input_multiplexer two_input_multiplexer_behavioral C:/Users/MicSeltene/Documents/GitHub/DSD_group_6/Lab_5/Lab_5_prep/MICHAEL/two_input_multiplexer.vhd sub00/vhpl07 1449070064
EN tri_buff NULL C:/Users/MicSeltene/Documents/GitHub/DSD_group_6/Lab_5/Lab_5_prep/MICHAEL/tri_buff.vhd sub00/vhpl10 1449070067
AR three_to_eight_decoder with_select_arch C:/Users/MicSeltene/Documents/GitHub/DSD_group_6/Lab_5/Lab_5_prep/MICHAEL/three_to_eight_decoder.vhd sub00/vhpl19 1449070072
AR tri_buff behavioral C:/Users/MicSeltene/Documents/GitHub/DSD_group_6/Lab_5/Lab_5_prep/MICHAEL/tri_buff.vhd sub00/vhpl11 1449070068
AR or_gate or_gate_behaviour C:/Users/MicSeltene/Documents/GitHub/DSD_group_6/Lab_5/Lab_5_prep/MICHAEL/or_gate.vhd sub00/vhpl05 1449070062
AR and_gate and_gate_behavioral C:/Users/MicSeltene/Documents/GitHub/DSD_group_6/Lab_5/Lab_5_prep/MICHAEL/and_gate.vhd sub00/vhpl03 1449070060
EN two_input_multiplexer NULL C:/Users/MicSeltene/Documents/GitHub/DSD_group_6/Lab_5/Lab_5_prep/MICHAEL/two_input_multiplexer.vhd sub00/vhpl06 1449070063
EN nbit_tristate_buffer NULL C:/Users/MicSeltene/Documents/GitHub/DSD_group_6/Lab_5/Lab_5_prep/MICHAEL/nbit_tristate_buffer.vhd sub00/vhpl24 1449069962
EN and_gate NULL C:/Users/MicSeltene/Documents/GitHub/DSD_group_6/Lab_5/Lab_5_prep/MICHAEL/and_gate.vhd sub00/vhpl02 1449070059
AR tdm_display_circuit behavioral C:/Users/MicSeltene/Documents/GitHub/DSD_group_6/Lab_5/Lab_5_prep/MICHAEL/tdm_display_circuit.vhd sub00/vhpl27 1449069967
