EN sixteen_x_7_decoder_rom NULL C:/Users/MicSeltene/Documents/GitHub/DSD_group_6/Lab_5/Lab_5_prep/MICHAEL/sixteen_x_7_decoder_rom.vhd sub00/vhpl20 1448382797
AR eight_n_bit_register_file behavioral C:/Users/MicSeltene/Documents/GitHub/DSD_group_6/Lab_5/Lab_5_prep/MICHAEL/eight_n_bit_register_file.vhd sub00/vhpl17 1448378919
EN d_flipflop NULL C:/Users/MicSeltene/Documents/GitHub/DSD_group_6/Lab_5/Lab_5_prep/MICHAEL/D_flipflop.vhd sub00/vhpl08 1448379440
EN n_bit_rfc_register NULL C:/Users/MicSeltene/Documents/GitHub/DSD_group_6/Lab_5/Lab_5_prep/MICHAEL/n_bit_rfc_register.vhd sub00/vhpl14 1448379446
AR not_gate behavioral C:/Users/MicSeltene/Documents/GitHub/DSD_group_6/Lab_5/Lab_5_prep/MICHAEL/not_gate.vhd sub00/vhpl01 1448379433
EN eight_n_bit_register_file NULL C:/Users/MicSeltene/Documents/GitHub/DSD_group_6/Lab_5/Lab_5_prep/MICHAEL/eight_n_bit_register_file.vhd sub00/vhpl16 1448378918
EN not_gate NULL C:/Users/MicSeltene/Documents/GitHub/DSD_group_6/Lab_5/Lab_5_prep/MICHAEL/not_gate.vhd sub00/vhpl00 1448379432
AR register_file_cell behavioral C:/Users/MicSeltene/Documents/GitHub/DSD_group_6/Lab_5/Lab_5_prep/MICHAEL/register_file_cell.vhd sub00/vhpl13 1448379445
AR n_bit_rfc_register behavioral C:/Users/MicSeltene/Documents/GitHub/DSD_group_6/Lab_5/Lab_5_prep/MICHAEL/n_bit_rfc_register.vhd sub00/vhpl15 1448379447
EN register_file_cell NULL C:/Users/MicSeltene/Documents/GitHub/DSD_group_6/Lab_5/Lab_5_prep/MICHAEL/register_file_cell.vhd sub00/vhpl12 1448379444
AR sixteen_x_7_decoder_rom behavioral C:/Users/MicSeltene/Documents/GitHub/DSD_group_6/Lab_5/Lab_5_prep/MICHAEL/sixteen_x_7_decoder_rom.vhd sub00/vhpl21 1448382798
EN or_gate NULL C:/Users/MicSeltene/Documents/GitHub/DSD_group_6/Lab_5/Lab_5_prep/MICHAEL/or_gate.vhd sub00/vhpl04 1448379436
AR d_flipflop behavioral C:/Users/MicSeltene/Documents/GitHub/DSD_group_6/Lab_5/Lab_5_prep/MICHAEL/D_flipflop.vhd sub00/vhpl09 1448379441
EN three_to_eight_decoder NULL C:/Users/MicSeltene/Documents/GitHub/DSD_group_6/Lab_5/Lab_5_prep/MICHAEL/three_to_eight_decoder.vhd sub00/vhpl18 1448378914
AR two_input_multiplexer two_input_multiplexer_behavioral C:/Users/MicSeltene/Documents/GitHub/DSD_group_6/Lab_5/Lab_5_prep/MICHAEL/two_input_multiplexer.vhd sub00/vhpl07 1448379439
EN tri_buff NULL C:/Users/MicSeltene/Documents/GitHub/DSD_group_6/Lab_5/Lab_5_prep/MICHAEL/tri_buff.vhd sub00/vhpl10 1448379442
AR three_to_eight_decoder with_select_arch C:/Users/MicSeltene/Documents/GitHub/DSD_group_6/Lab_5/Lab_5_prep/MICHAEL/three_to_eight_decoder.vhd sub00/vhpl19 1448378915
AR tri_buff behavioral C:/Users/MicSeltene/Documents/GitHub/DSD_group_6/Lab_5/Lab_5_prep/MICHAEL/tri_buff.vhd sub00/vhpl11 1448379443
AR or_gate or_gate_behaviour C:/Users/MicSeltene/Documents/GitHub/DSD_group_6/Lab_5/Lab_5_prep/MICHAEL/or_gate.vhd sub00/vhpl05 1448379437
AR and_gate and_gate_behavioral C:/Users/MicSeltene/Documents/GitHub/DSD_group_6/Lab_5/Lab_5_prep/MICHAEL/and_gate.vhd sub00/vhpl03 1448379435
EN two_input_multiplexer NULL C:/Users/MicSeltene/Documents/GitHub/DSD_group_6/Lab_5/Lab_5_prep/MICHAEL/two_input_multiplexer.vhd sub00/vhpl06 1448379438
EN and_gate NULL C:/Users/MicSeltene/Documents/GitHub/DSD_group_6/Lab_5/Lab_5_prep/MICHAEL/and_gate.vhd sub00/vhpl02 1448379434
