EN d_flipflop NULL C:/Users/MicSeltene/Documents/GitHub/DSD_group_6/Lab_5/Lab_5_prep/MICHAEL/D_flipflop.vhd sub00/vhpl08 1448372308
EN n_bit_rfc_register NULL C:/Users/MicSeltene/Documents/GitHub/DSD_group_6/Lab_5/Lab_5_prep/MICHAEL/n_bit_rfc_register.vhd sub00/vhpl14 1448372314
AR not_gate behavioral C:/Users/MicSeltene/Documents/GitHub/DSD_group_6/Lab_5/Lab_5_prep/MICHAEL/not_gate.vhd sub00/vhpl01 1448372301
EN not_gate NULL C:/Users/MicSeltene/Documents/GitHub/DSD_group_6/Lab_5/Lab_5_prep/MICHAEL/not_gate.vhd sub00/vhpl00 1448372300
AR register_file_cell behavioral C:/Users/MicSeltene/Documents/GitHub/DSD_group_6/Lab_5/Lab_5_prep/MICHAEL/register_file_cell.vhd sub00/vhpl13 1448372313
AR n_bit_rfc_register behavioral C:/Users/MicSeltene/Documents/GitHub/DSD_group_6/Lab_5/Lab_5_prep/MICHAEL/n_bit_rfc_register.vhd sub00/vhpl15 1448372315
EN register_file_cell NULL C:/Users/MicSeltene/Documents/GitHub/DSD_group_6/Lab_5/Lab_5_prep/MICHAEL/register_file_cell.vhd sub00/vhpl12 1448372312
EN or_gate NULL C:/Users/MicSeltene/Documents/GitHub/DSD_group_6/Lab_5/Lab_5_prep/MICHAEL/or_gate.vhd sub00/vhpl04 1448372304
AR d_flipflop behavioral C:/Users/MicSeltene/Documents/GitHub/DSD_group_6/Lab_5/Lab_5_prep/MICHAEL/D_flipflop.vhd sub00/vhpl09 1448372309
AR two_input_multiplexer two_input_multiplexer_behavioral C:/Users/MicSeltene/Documents/GitHub/DSD_group_6/Lab_5/Lab_5_prep/MICHAEL/two_input_multiplexer.vhd sub00/vhpl07 1448372307
EN tri_buff NULL C:/Users/MicSeltene/Documents/GitHub/DSD_group_6/Lab_5/Lab_5_prep/MICHAEL/tri_buff.vhd sub00/vhpl10 1448372310
AR tri_buff behavioral C:/Users/MicSeltene/Documents/GitHub/DSD_group_6/Lab_5/Lab_5_prep/MICHAEL/tri_buff.vhd sub00/vhpl11 1448372311
AR or_gate or_gate_behaviour C:/Users/MicSeltene/Documents/GitHub/DSD_group_6/Lab_5/Lab_5_prep/MICHAEL/or_gate.vhd sub00/vhpl05 1448372305
AR and_gate and_gate_behavioral C:/Users/MicSeltene/Documents/GitHub/DSD_group_6/Lab_5/Lab_5_prep/MICHAEL/and_gate.vhd sub00/vhpl03 1448372303
EN two_input_multiplexer NULL C:/Users/MicSeltene/Documents/GitHub/DSD_group_6/Lab_5/Lab_5_prep/MICHAEL/two_input_multiplexer.vhd sub00/vhpl06 1448372306
EN and_gate NULL C:/Users/MicSeltene/Documents/GitHub/DSD_group_6/Lab_5/Lab_5_prep/MICHAEL/and_gate.vhd sub00/vhpl02 1448372302
