V3 54
FL C:/Users/MicSeltene/Documents/GitHub/DSD_group_6/Lab_5/Lab_5_prep/MICHAEL/and_gate.vhd 2015/12/02.14:17:29 P.20131013
EN work/and_gate 1449070059 \
      FL C:/Users/MicSeltene/Documents/GitHub/DSD_group_6/Lab_5/Lab_5_prep/MICHAEL/and_gate.vhd \
      PB ieee/std_logic_1164 1381692176
AR work/and_gate/and_gate_behavioral 1449070060 \
      FL C:/Users/MicSeltene/Documents/GitHub/DSD_group_6/Lab_5/Lab_5_prep/MICHAEL/and_gate.vhd \
      EN work/and_gate 1449070059
FL C:/Users/MicSeltene/Documents/GitHub/DSD_group_6/Lab_5/Lab_5_prep/MICHAEL/D_flipflop.vhd 2015/12/02.14:16:11 P.20131013
EN work/D_flipflop 1449070065 \
      FL C:/Users/MicSeltene/Documents/GitHub/DSD_group_6/Lab_5/Lab_5_prep/MICHAEL/D_flipflop.vhd \
      PB ieee/std_logic_1164 1381692176
AR work/D_flipflop/Behavioral 1449070066 \
      FL C:/Users/MicSeltene/Documents/GitHub/DSD_group_6/Lab_5/Lab_5_prep/MICHAEL/D_flipflop.vhd \
      EN work/D_flipflop 1449070065
FL C:/Users/MicSeltene/Documents/GitHub/DSD_group_6/Lab_5/Lab_5_prep/MICHAEL/eight_n_bit_register_file.vhd 2015/11/24.16:34:07 P.20131013
EN work/eight_n_bit_register_file 1449070075 \
      FL C:/Users/MicSeltene/Documents/GitHub/DSD_group_6/Lab_5/Lab_5_prep/MICHAEL/eight_n_bit_register_file.vhd \
      PB ieee/std_logic_1164 1381692176
AR work/eight_n_bit_register_file/Behavioral 1449070076 \
      FL C:/Users/MicSeltene/Documents/GitHub/DSD_group_6/Lab_5/Lab_5_prep/MICHAEL/eight_n_bit_register_file.vhd \
      EN work/eight_n_bit_register_file 1449070075 CP three_to_eight_decoder \
      CP n_bit_rfc_register
FL C:/Users/MicSeltene/Documents/GitHub/DSD_group_6/Lab_5/Lab_5_prep/MICHAEL/nbit_tristate_buffer.vhd 2015/11/24.16:58:44 P.20131013
EN work/nbit_tristate_buffer 1449069962 \
      FL C:/Users/MicSeltene/Documents/GitHub/DSD_group_6/Lab_5/Lab_5_prep/MICHAEL/nbit_tristate_buffer.vhd \
      PB ieee/std_logic_1164 1381692176
AR work/nbit_tristate_buffer/Behavioral 1449069963 \
      FL C:/Users/MicSeltene/Documents/GitHub/DSD_group_6/Lab_5/Lab_5_prep/MICHAEL/nbit_tristate_buffer.vhd \
      EN work/nbit_tristate_buffer 1449069962 CP tri_buff
FL C:/Users/MicSeltene/Documents/GitHub/DSD_group_6/Lab_5/Lab_5_prep/MICHAEL/not_gate.vhd 2015/12/02.14:17:07 P.20131013
EN work/not_gate 1449070057 \
      FL C:/Users/MicSeltene/Documents/GitHub/DSD_group_6/Lab_5/Lab_5_prep/MICHAEL/not_gate.vhd \
      PB ieee/std_logic_1164 1381692176
AR work/not_gate/Behavioral 1449070058 \
      FL C:/Users/MicSeltene/Documents/GitHub/DSD_group_6/Lab_5/Lab_5_prep/MICHAEL/not_gate.vhd \
      EN work/not_gate 1449070057
FL C:/Users/MicSeltene/Documents/GitHub/DSD_group_6/Lab_5/Lab_5_prep/MICHAEL/n_bit_rfc_register.vhd 2015/12/02.14:19:48 P.20131013
EN work/n_bit_rfc_register 1449070073 \
      FL C:/Users/MicSeltene/Documents/GitHub/DSD_group_6/Lab_5/Lab_5_prep/MICHAEL/n_bit_rfc_register.vhd \
      PB ieee/std_logic_1164 1381692176
AR work/n_bit_rfc_register/Behavioral 1449070074 \
      FL C:/Users/MicSeltene/Documents/GitHub/DSD_group_6/Lab_5/Lab_5_prep/MICHAEL/n_bit_rfc_register.vhd \
      EN work/n_bit_rfc_register 1449070073 CP register_file_cell
FL C:/Users/MicSeltene/Documents/GitHub/DSD_group_6/Lab_5/Lab_5_prep/MICHAEL/or_gate.vhd 2015/12/02.14:17:50 P.20131013
EN work/or_gate 1449070061 \
      FL C:/Users/MicSeltene/Documents/GitHub/DSD_group_6/Lab_5/Lab_5_prep/MICHAEL/or_gate.vhd \
      PB ieee/std_logic_1164 1381692176
AR work/or_gate/or_gate_behaviour 1449070062 \
      FL C:/Users/MicSeltene/Documents/GitHub/DSD_group_6/Lab_5/Lab_5_prep/MICHAEL/or_gate.vhd \
      EN work/or_gate 1449070061
FL C:/Users/MicSeltene/Documents/GitHub/DSD_group_6/Lab_5/Lab_5_prep/MICHAEL/register_file_cell.vhd 2015/12/02.14:19:07 P.20131013
EN work/register_file_cell 1449070069 \
      FL C:/Users/MicSeltene/Documents/GitHub/DSD_group_6/Lab_5/Lab_5_prep/MICHAEL/register_file_cell.vhd \
      PB ieee/std_logic_1164 1381692176
AR work/register_file_cell/Behavioral 1449070070 \
      FL C:/Users/MicSeltene/Documents/GitHub/DSD_group_6/Lab_5/Lab_5_prep/MICHAEL/register_file_cell.vhd \
      EN work/register_file_cell 1449070069 CP two_input_multiplexer CP D_flipflop \
      CP tri_buff
FL C:/Users/MicSeltene/Documents/GitHub/DSD_group_6/Lab_5/Lab_5_prep/MICHAEL/sixteen_x_7_decoder_rom.vhd 2015/12/02.13:52:01 P.20131013
EN work/sixteen_x_7_decoder_rom 1449069964 \
      FL C:/Users/MicSeltene/Documents/GitHub/DSD_group_6/Lab_5/Lab_5_prep/MICHAEL/sixteen_x_7_decoder_rom.vhd \
      PB ieee/std_logic_1164 1381692176
AR work/sixteen_x_7_decoder_rom/Behavioral 1449069965 \
      FL C:/Users/MicSeltene/Documents/GitHub/DSD_group_6/Lab_5/Lab_5_prep/MICHAEL/sixteen_x_7_decoder_rom.vhd \
      EN work/sixteen_x_7_decoder_rom 1449069964
FL C:/Users/MicSeltene/Documents/GitHub/DSD_group_6/Lab_5/Lab_5_prep/MICHAEL/tdm_display_circuit.vhd 2015/12/02.15:11:32 P.20131013
EN work/tdm_display_circuit 1449069966 \
      FL C:/Users/MicSeltene/Documents/GitHub/DSD_group_6/Lab_5/Lab_5_prep/MICHAEL/tdm_display_circuit.vhd \
      PB ieee/std_logic_1164 1381692176
AR work/tdm_display_circuit/Behavioral 1449069967 \
      FL C:/Users/MicSeltene/Documents/GitHub/DSD_group_6/Lab_5/Lab_5_prep/MICHAEL/tdm_display_circuit.vhd \
      EN work/tdm_display_circuit 1449069966 CP T_flipflop CP nbit_tristate_buffer \
      CP sixteen_x_7_decoder_rom
FL C:/Users/MicSeltene/Documents/GitHub/DSD_group_6/Lab_5/Lab_5_prep/MICHAEL/three_to_eight_decoder.vhd 2015/11/24.16:34:07 P.20131013
EN work/three_to_eight_decoder 1449070071 \
      FL C:/Users/MicSeltene/Documents/GitHub/DSD_group_6/Lab_5/Lab_5_prep/MICHAEL/three_to_eight_decoder.vhd \
      PB ieee/std_logic_1164 1381692176 PB ieee/std_logic_arith 1381692177 \
      PB ieee/STD_LOGIC_UNSIGNED 1381692179
AR work/three_to_eight_decoder/with_select_arch 1449070072 \
      FL C:/Users/MicSeltene/Documents/GitHub/DSD_group_6/Lab_5/Lab_5_prep/MICHAEL/three_to_eight_decoder.vhd \
      EN work/three_to_eight_decoder 1449070071
FL C:/Users/MicSeltene/Documents/GitHub/DSD_group_6/Lab_5/Lab_5_prep/MICHAEL/tri_buff.vhd 2015/11/24.12:32:51 P.20131013
EN work/tri_buff 1449070067 \
      FL C:/Users/MicSeltene/Documents/GitHub/DSD_group_6/Lab_5/Lab_5_prep/MICHAEL/tri_buff.vhd \
      PB ieee/std_logic_1164 1381692176 PB ieee/std_logic_arith 1381692177 \
      PB ieee/STD_LOGIC_UNSIGNED 1381692179
AR work/tri_buff/Behavioral 1449070068 \
      FL C:/Users/MicSeltene/Documents/GitHub/DSD_group_6/Lab_5/Lab_5_prep/MICHAEL/tri_buff.vhd \
      EN work/tri_buff 1449070067
FL C:/Users/MicSeltene/Documents/GitHub/DSD_group_6/Lab_5/Lab_5_prep/MICHAEL/two_input_multiplexer.vhd 2015/12/02.14:18:01 P.20131013
EN work/two_input_multiplexer 1449070063 \
      FL C:/Users/MicSeltene/Documents/GitHub/DSD_group_6/Lab_5/Lab_5_prep/MICHAEL/two_input_multiplexer.vhd \
      PB ieee/std_logic_1164 1381692176 PB ieee/std_logic_arith 1381692177 \
      PB ieee/STD_LOGIC_UNSIGNED 1381692179
AR work/two_input_multiplexer/two_input_multiplexer_behavioral 1449070064 \
      FL C:/Users/MicSeltene/Documents/GitHub/DSD_group_6/Lab_5/Lab_5_prep/MICHAEL/two_input_multiplexer.vhd \
      EN work/two_input_multiplexer 1449070063 CP not_gate CP and_gate CP or_gate
FL C:/Users/MicSeltene/Documents/GitHub/DSD_group_6/Lab_5/Lab_5_prep/MICHAEL/T_flipflop.vhd 2015/11/24.16:34:07 P.20131013
EN work/T_flipflop 1449069960 \
      FL C:/Users/MicSeltene/Documents/GitHub/DSD_group_6/Lab_5/Lab_5_prep/MICHAEL/T_flipflop.vhd \
      PB ieee/std_logic_1164 1381692176 PB ieee/std_logic_arith 1381692177 \
      PB ieee/STD_LOGIC_UNSIGNED 1381692179
AR work/T_flipflop/Behavioral 1449069961 \
      FL C:/Users/MicSeltene/Documents/GitHub/DSD_group_6/Lab_5/Lab_5_prep/MICHAEL/T_flipflop.vhd \
      EN work/T_flipflop 1449069960
