V3 39
FL //homes.student.eecs.qmul.ac.uk/edsv3/Documents/Lab_4_prep/Lab4_edu/d_latch.vhd 2015/11/23.11:16:07 P.20131013
FL //homes.student.eecs.qmul.ac.uk/edsv3/Documents/Lab_4_prep/Lab4_edu/MxN_bit_SRAM_Cell_Array.vhd 2015/11/23.11:16:06 P.20131013
FL //homes.student.eecs.qmul.ac.uk/edsv3/Documents/Lab_4_prep/Lab4_edu/SRAM_Cell.vhd 2015/11/23.11:16:07 P.20131013
FL //homes.student.eecs.qmul.ac.uk/edsv3/Documents/Lab_4_prep/Lab4_edu/tri_buff.vhd 2008/10/09.18:03:52 P.20131013
FL "C:/Users/Yasmin/Documents/GitHub/DSD_group_6/Lab_5/Lab_5_prep/Static_RAM_cell (MxN) + (8x4) + (64x4) + (64x8)/d_latch.vhd" 2015/11/24.02:21:07 P.20131013
EN work/D_latch 1448371647 \
      FL "C:/Users/Yasmin/Documents/GitHub/DSD_group_6/Lab_5/Lab_5_prep/Static_RAM_cell (MxN) + (8x4) + (64x4) + (64x8)/d_latch.vhd" \
      PB ieee/std_logic_1164 1381692176
AR work/D_latch/Behavioral 1448371648 \
      FL "C:/Users/Yasmin/Documents/GitHub/DSD_group_6/Lab_5/Lab_5_prep/Static_RAM_cell (MxN) + (8x4) + (64x4) + (64x8)/d_latch.vhd" \
      EN work/D_latch 1448371647
FL "C:/Users/Yasmin/Documents/GitHub/DSD_group_6/Lab_5/Lab_5_prep/Static_RAM_cell (MxN) + (8x4) + (64x4) + (64x8)/eight_by_four_sram.vhd" 2015/11/24.02:21:07 P.20131013
EN work/eight_by_four_sram 1448333578 \
      FL "C:/Users/Yasmin/Documents/GitHub/DSD_group_6/Lab_5/Lab_5_prep/Static_RAM_cell (MxN) + (8x4) + (64x4) + (64x8)/eight_by_four_sram.vhd" \
      PB ieee/std_logic_1164 1381692176 PB ieee/std_logic_arith 1381692177 \
      PB ieee/STD_LOGIC_UNSIGNED 1381692179
AR work/eight_by_four_sram/Behavioral 1448333579 \
      FL "C:/Users/Yasmin/Documents/GitHub/DSD_group_6/Lab_5/Lab_5_prep/Static_RAM_cell (MxN) + (8x4) + (64x4) + (64x8)/eight_by_four_sram.vhd" \
      EN work/eight_by_four_sram 1448333578 CP three_to_eight_decoder \
      CP MxN_bit_SRAM_Cell_Array CP nbit_tristate_buffer
FL "C:/Users/Yasmin/Documents/GitHub/DSD_group_6/Lab_5/Lab_5_prep/Static_RAM_cell (MxN) + (8x4) + (64x4) + (64x8)/MxN_bit_SRAM_Cell_Array.vhd" 2015/11/24.02:21:09 P.20131013
EN work/MxN_bit_SRAM_Cell_Array 1448371653 \
      FL "C:/Users/Yasmin/Documents/GitHub/DSD_group_6/Lab_5/Lab_5_prep/Static_RAM_cell (MxN) + (8x4) + (64x4) + (64x8)/MxN_bit_SRAM_Cell_Array.vhd" \
      PB ieee/std_logic_1164 1381692176
AR work/MxN_bit_SRAM_Cell_Array/Behavioral 1448371654 \
      FL "C:/Users/Yasmin/Documents/GitHub/DSD_group_6/Lab_5/Lab_5_prep/Static_RAM_cell (MxN) + (8x4) + (64x4) + (64x8)/MxN_bit_SRAM_Cell_Array.vhd" \
      EN work/MxN_bit_SRAM_Cell_Array 1448371653 CP SRAM_Cell
FL "C:/Users/Yasmin/Documents/GitHub/DSD_group_6/Lab_5/Lab_5_prep/Static_RAM_cell (MxN) + (8x4) + (64x4) + (64x8)/nbit_tristate_buffer.vhd" 2015/11/24.02:21:10 P.20131013
EN work/nbit_tristate_buffer 1448333576 \
      FL "C:/Users/Yasmin/Documents/GitHub/DSD_group_6/Lab_5/Lab_5_prep/Static_RAM_cell (MxN) + (8x4) + (64x4) + (64x8)/nbit_tristate_buffer.vhd" \
      PB ieee/std_logic_1164 1381692176
AR work/nbit_tristate_buffer/Behavioral 1448333577 \
      FL "C:/Users/Yasmin/Documents/GitHub/DSD_group_6/Lab_5/Lab_5_prep/Static_RAM_cell (MxN) + (8x4) + (64x4) + (64x8)/nbit_tristate_buffer.vhd" \
      EN work/nbit_tristate_buffer 1448333576 CP tri_buff
FL "C:/Users/Yasmin/Documents/GitHub/DSD_group_6/Lab_5/Lab_5_prep/Static_RAM_cell (MxN) + (8x4) + (64x4) + (64x8)/Serial_64x4_SRAM.vhd" 2015/11/24.02:21:10 P.20131013
EN work/Serial_64x4_SRAM 1448333580 \
      FL "C:/Users/Yasmin/Documents/GitHub/DSD_group_6/Lab_5/Lab_5_prep/Static_RAM_cell (MxN) + (8x4) + (64x4) + (64x8)/Serial_64x4_SRAM.vhd" \
      PB ieee/std_logic_1164 1381692176
AR work/Serial_64x4_SRAM/Behavioral 1448333581 \
      FL "C:/Users/Yasmin/Documents/GitHub/DSD_group_6/Lab_5/Lab_5_prep/Static_RAM_cell (MxN) + (8x4) + (64x4) + (64x8)/Serial_64x4_SRAM.vhd" \
      EN work/Serial_64x4_SRAM 1448333580 CP three_to_eight_decoder \
      CP eight_by_four_sram
FL "C:/Users/Yasmin/Documents/GitHub/DSD_group_6/Lab_5/Lab_5_prep/Static_RAM_cell (MxN) + (8x4) + (64x4) + (64x8)/sixtyfour_by_eight_bit_static_ram.vhd" 2015/11/24.02:52:40 P.20131013
EN work/sixtyfour_by_eight_bit_static_ram 1448333582 \
      FL "C:/Users/Yasmin/Documents/GitHub/DSD_group_6/Lab_5/Lab_5_prep/Static_RAM_cell (MxN) + (8x4) + (64x4) + (64x8)/sixtyfour_by_eight_bit_static_ram.vhd" \
      PB ieee/std_logic_1164 1381692176
AR work/sixtyfour_by_eight_bit_static_ram/Behavioral 1448333583 \
      FL "C:/Users/Yasmin/Documents/GitHub/DSD_group_6/Lab_5/Lab_5_prep/Static_RAM_cell (MxN) + (8x4) + (64x4) + (64x8)/sixtyfour_by_eight_bit_static_ram.vhd" \
      EN work/sixtyfour_by_eight_bit_static_ram 1448333582 CP Serial_64x4_SRAM
FL "C:/Users/Yasmin/Documents/GitHub/DSD_group_6/Lab_5/Lab_5_prep/Static_RAM_cell (MxN) + (8x4) + (64x4) + (64x8)/SRAM_Cell.vhd" 2015/11/24.02:21:10 P.20131013
EN work/SRAM_Cell 1448371651 \
      FL "C:/Users/Yasmin/Documents/GitHub/DSD_group_6/Lab_5/Lab_5_prep/Static_RAM_cell (MxN) + (8x4) + (64x4) + (64x8)/SRAM_Cell.vhd" \
      PB ieee/std_logic_1164 1381692176
AR work/SRAM_Cell/Behavioral 1448371652 \
      FL "C:/Users/Yasmin/Documents/GitHub/DSD_group_6/Lab_5/Lab_5_prep/Static_RAM_cell (MxN) + (8x4) + (64x4) + (64x8)/SRAM_Cell.vhd" \
      EN work/SRAM_Cell 1448371651 CP D_latch CP tri_buff
FL "C:/Users/Yasmin/Documents/GitHub/DSD_group_6/Lab_5/Lab_5_prep/Static_RAM_cell (MxN) + (8x4) + (64x4) + (64x8)/three_to_eight_decoder.vhd" 2015/11/24.02:21:11 P.20131013
EN work/three_to_eight_decoder 1448333572 \
      FL "C:/Users/Yasmin/Documents/GitHub/DSD_group_6/Lab_5/Lab_5_prep/Static_RAM_cell (MxN) + (8x4) + (64x4) + (64x8)/three_to_eight_decoder.vhd" \
      PB ieee/std_logic_1164 1381692176 PB ieee/std_logic_arith 1381692177 \
      PB ieee/STD_LOGIC_UNSIGNED 1381692179
AR work/three_to_eight_decoder/with_select_arch 1448333573 \
      FL "C:/Users/Yasmin/Documents/GitHub/DSD_group_6/Lab_5/Lab_5_prep/Static_RAM_cell (MxN) + (8x4) + (64x4) + (64x8)/three_to_eight_decoder.vhd" \
      EN work/three_to_eight_decoder 1448333572
FL "C:/Users/Yasmin/Documents/GitHub/DSD_group_6/Lab_5/Lab_5_prep/Static_RAM_cell (MxN) + (8x4) + (64x4) + (64x8)/tri_buff.vhd" 2015/11/24.02:21:11 P.20131013
EN work/tri_buff 1448371649 \
      FL "C:/Users/Yasmin/Documents/GitHub/DSD_group_6/Lab_5/Lab_5_prep/Static_RAM_cell (MxN) + (8x4) + (64x4) + (64x8)/tri_buff.vhd" \
      PB ieee/std_logic_1164 1381692176 PB ieee/std_logic_arith 1381692177 \
      PB ieee/STD_LOGIC_UNSIGNED 1381692179
AR work/tri_buff/Behavioral 1448371650 \
      FL "C:/Users/Yasmin/Documents/GitHub/DSD_group_6/Lab_5/Lab_5_prep/Static_RAM_cell (MxN) + (8x4) + (64x4) + (64x8)/tri_buff.vhd" \
      EN work/tri_buff 1448371649
